[
["Harare", "Zimbabwe"],
["Lusaka", "Zambia"],
["Sanaá", "Yemen"],
["Hanoi", "Vietnam"],
["Caracas", "Venezuela"],
["Port Vila", "Vanuatu"],
["Tashkent", "Uzbekistan"],
["Montevideo", "Uruguay"],
["Washington, D.C.", "America"],
["Washington, D.C.", "U S A"],
["Washington, D.C.", "U S"],
["Washington, D.C.", "US"],
["Washington, D.C.", "USA"],
["Washington, D.C.", "United States"],
["London", "United Kingdom"],
["Abu Dhabi", "United Arab Emirates"],
["Kyiv", "Ukraine"],
["Kampala", "Uganda"],
["Funafuti", "Tuvalu"],
["Ashgabat", "Turkmenistan"],
["Ankara", "Turkey"],
["Tunis", "Tunisia"],
["Port of Spain", "Trinidad and Tobago"],
["Nuku'alofa", "Tonga"],
["Lome", "Togo"],
["Bangkok", "Thailand"],
["Dodoma", "Tanzania"],
["Dushanbe", "Tajikistan"],
["Taipei", "Taiwan"],
["Damascus", "Syria"],
["Bern", "Switzerland"],
["Stockholm", "Sweden"],
["Mbabane", "Swaziland"],
["Paramaribo", "Suriname"],
["Khartoum", "Sudan"],
["Colombo", "Sri Lanka"],
["Madrid", "Spain"],
["Juba", "South Sudan"],
["Pretoria", "South Africa"],
["Mogadishu", "Somalia"],
["Honiara", "Solomon Islands"],
["Ljubljana", "Slovenia"],
["Bratislava", "Slovakia"],
["Singapore", "Singapore"],
["Freetown", "Sierra Leone"],
["Victoria", "Seychelles"],
["Belgrade", "Serbia"],
["Dakar", "Senegal"],
["Riyadh", "Saudi Arabia"],
["São Tome", "Sao Tome and Príncipe"],
["San Marino", "San Marino"],
["Apia", "Samoa"],
["Kingstown", "Saint Vincent and the Grenadines"],
["Castries", "Saint Lucia"],
["Basseterre", "Saint Kitts and Nevis"],
["Kigali", "Rwanda"],
["Moscow", "Russia"],
["Bucharest", "Romania"],
["Doha", "Qatar"],
["Lisbon", "Portugal"],
["Warsaw", "Poland"],
["Manila", "Philippines"],
["Lima", "Peru"],
["Asuncion", "Paraguay"],
["Port Moresby", "Papua New Guinea"],
["Panama City", "Panama"],
["Koror", "Palau"],
["Islamabad", "Pakistan"],
["Muscat", "Oman"],
["Oslo", "Norway"],
["Abuja", "Nigeria"],
["Niamey", "Niger"],
["Managua", "Nicaragua"],
["Wellington", "New Zealand"],
["Amsterdam", "Netherlands"],
["Kathmandu", "Nepal"],
["Yaren", "Nauru"],
["Windhoek", "Namibia"],
["Rangoon", "Myanmar"],
["Maputo", "Mozambique"],
["Rabat", "Morocco"],
["Podgorica", "Montenegro"],
["Ulaan Baatar", "Mongolia"],
["Monaco", "Monaco"],
["Chisinau", "Moldova"],
["Palikir", "Micronesia"],
["Mexico City", "Mexico"],
["Port Louis", "Mauritius"],
["Nouakchott", "Mauritania"],
["Majuro", "Marshall Islands"],
["Valletta", "Malta"],
["Bamako", "Mali"],
["Male", "Maldives"],
["Kuala Lumpur", "Malaysia"],
["Lilongwe", "Malawi"],
["Antananarivo", "Madagascar"],
["Skopje", "Macedonia"],
["Luxembourg", "Luxembourg"],
["Vilnius", "Lithuania"],
["Vaduz", "Liechtenstein"],
["Tripoli", "Libya"],
["Monrovia", "Liberia"],
["Maseru", "Lesotho"],
["Beirut", "Lebanon"],
["Riga", "Latvia"],
["Vientiane", "Laos"],
["Bishkek", "Kyrgyzstan"],
["Kuwait", "Kuwait"],
["Pristina", "Kosovo"],
["Seoul", "Korea"],
["Pyongyang", "North Korea"],
["Tarawa", "Kiribati"],
["Nairobi", "Kenya"],
["Astana", "Kazakhstan"],
["Amman", "Jordan"],
["Tokyo", "Japan"],
["Kingston", "Jamaica"],
["Rome", "Italy"],
["Jerusalem", "Israel"],
["Dublin", "Ireland"],
["Baghdad", "Iraq"],
["Tehran", "Iran"],
["Jakarta", "Indonesia"],
["New Delhi", "India"],
["Reykjavik", "Iceland"],
["Budapest", "Hungary"],
["Tegucigalpa", "Honduras"],
["Port au Prince", "Haiti"],
["Georgetown", "Guyana"],
["Bissau", "Guinea-Bissau"],
["Conakry", "Guinea"],
["Guatemala City", "Guatemala"],
["Saint George's", "Grenada"],
["Athens", "Greece"],
["Accra", "Ghana"],
["Berlin", "Germany"],
["Tbilisi", "Georgia"],
["Banjul", "Gambia"],
["Libreville", "Gabon"],
["Paris", "France"],
["Helsinki", "Finland"],
["Suva", "Fiji"],
["Addis Ababa", "Ethiopia"],
["Tallinn", "Estonia"],
["Asmara", "Eritrea"],
["Malabo", "Equatorial Guinea"],
["San Salvador", "El Salvador"],
["Cairo", "Egypt"],
["Quito", "Ecuador"],
["Dili", "East Timor"],
["Santo Domingo", "Dominican Republic"],
["Roseau", "Dominica"],
["Djibouti", "Djibouti"],
["Copenhagen", "Denmark"],
["Prague", "Czech Republic"],
["Lefkosia", "Cyprus"],
["Havana", "Cuba"],
["Zagreb", "Croatia"],
["Yamoussoukro", "Côte d'Ivoire"],
["San Jose", "Costa Rica"],
["Brazzaville", "Republic of Congo"],
["Kinshasa", "Democratic Republic of the Congo"],
["Moroni", "Comoros"],
["Bogota", "Colombia"],
["Beijing", "China"],
["Santiago", "Chile"],
["N'Djamena", "Chad"],
["Bangui", "Central African Republic"],
["Praia", "Cape Verde"],
["Ottawa", "Canada"],
["Yaounde", "Cameroon"],
["Phnom Penh", "Cambodia"],
["Bujumbura", "Burundi"],
["Ouagadougou", "Burkina Faso"],
["Sofia", "Bulgaria"],
["Bandar Seri Begawan", "Brunei"],
["Brasilia", "Brazil"],
["Gaborone", "Botswana"],
["Sarajevo", "Bosnia and Herzegovina"],
["Sucre", "Bolivia"],
["Thimphu", "Bhutan"],
["Porto-Novo", "Benin"],
["Belmopan", "Belize"],
["Brussels", "Belgium"],
["Minsk", "Belarus"],
["Bridgetown", "Barbados"],
["Dhaka", "Bangladesh"],
["Manama", "Bahrain"],
["Nassau", "Bahamas"],
["Baku", "Azerbaijan"],
["Vienna", "Austria"],
["Canberra", "Australia"],
["Yerevan", "Armenia"],
["Buenos Aires", "Argentina"],
["Saint John's", "Antigua and Barbuda"],
["Luanda", "Angola"],
["Andorra la Vella", "Andorra"],
["Algiers", "Algeria"],
["Tirana", "Albania"],
["Kabul", "Afghanistan"],
["Καμπούλ", "Αφγανιστάν"],
["Τίρανα", "Αλβανία"],
["Αλγέρι", "Αλγερία"],
["Ανδόρρα λα βέλα", "Ανδόρα"],
["Λουάντα", "Αγκόλα"],
["Σεντ Τζονς", "Αντίγκουα και Μπαρμπούντα"],
["Μπουένος Άιρες", "Αργεντινή"],
["Ερεβάν", "Αρμενία"],
["Καμπέρα", "Αυστραλία"],
["Βιέννη", "Αυστρία"],
["Μπακού", "Αζερμπαϊτζάν"],
["Νασάου", "Μπαχάμες"],
["Μανάμα", "Μπαχρέιν"],
["Ντάκα", "Μπαγκλαντές"],
["Μπριτζτάουν", "Μπαρμπάντος"],
["Μινσκ", "Λευκορωσία"],
["Βρυξέλλες", "Βέλγιο"],
["Μπελμοπάν", "Μπελίζ"],
["Πόρτο Νόβο", "Μπενίν"],
["Θίμφου", "Μπουτάν"],
["Σούκρε", "Βολιβία"],
["Σαράγεβο", "Βοσνία και Ερζεγοβίνη"],
["Γκαμπορόνε", "Μποτσουάνα"],
["Μπραζίλια", "Βραζιλία"],
["Μπαντάρ Σερί Μπεγκαβάν", "Μπρουνέι"],
["Σόφια", "Βουλγαρία"],
["Ουαγκαντούγκου", "Μπουρκίνα Φάσο"],
["Γκιτέγκα", "Μπουρούντι"],
["Πνομ Πεν", "Καμπότζη"],
["Γιαουντέ", "Καμερούν"],
["Οτάβα", "Καναδάς"],
["Πράια", "Πράσινο Ακρωτήριο"],
["Μπανγκούι", "Κεντροαφρικανική Δημοκρατία"],
["Ντζαμένα", "Τσαντ"],
["Σαντιάγο", "Χιλή"],
["Πεκίνο", "Κίνα"],
["Μπογκοτά", "Κολομβία"],
["Μορόνι", "Κομόρες"],
["Κινσάσα", "Λαϊκή Δημοκρατία του Κονγκό"],
["Μπραζαβίλ", "Δημοκρατία του Κονγκό"],
["Σαν Χοσέ", "Κόστα Ρίκα"],
["Γιαμουσιούκρο", "Ακτή Ελεφαντοστού"],
["Ζάγκρεμπ", "Κροατία"],
["Αβάνα", "Κούβα"],
["Λευκωσία", "Κύπρος"],
["Πράγα", "Τσεχία"],
["Κοπεγχάγη", "Δανία"],
["Τζιμπουτί", "Τζιμπουτί"],
["Ροζάου", "Ντομίνικα"],
["Σάντο Ντομίνγκο", "Δομινικανή Δημοκρατία"],
["Ντίλι", "Ανατολικό Τιμόρ"],
["Κίτο", "Εκουαδόρ"],
["Κάιρο", "Αίγυπτος"],
["Σαν Σαλβαδόρ", "Ελ Σαλβαδόρ"],
["Λονδίνο", "Αγγλία"],
["Λονδίνο", "Ηνωμένο Βασίλειο"],
["Μαλάμπο", "Ισημερινή Γουινέα"],
["Ασμάρα", "Ερυθραία"],
["Ταλίν", "Εσθονία"],
["Μπαμπάνε", "Εσουατίνι"],
["Αντίς Αμπέμπα", "Αιθιοπία"],
["Παλικίρ", "Μικρονησία"],
["Σούβα", "Φίτζι"],
["Ελσίνκι", "Φινλανδία"],
["Παρίσι", "Γαλλία"],
["Λιμπρεβίλ", "Γκαμπόν"],
["Μπαντζούλ", "Γκάμπια"],
["Τιφλίδα", "Γεωργία"],
["ΒερολίνοΓερμανία", ""],
["Ακρα", "Γκάνα"],
["Αθήνα", "Ελλάδα"],
["Σαιντ Τζόρτζις", "Γρενάδα"],
["Πόλη της Γουατεμάλας", "Γουατεμάλα"],
["Κόνακρυ", "Γουινέα"],
["Μπισσάου", "Γουινέα Μπισσάου"],
["Τζωρτζτάουν", "Γουιάνα"],
["Πορτ ο Πρενς", "Αϊτή"],
["Τεγκουσιγκάλπα", "Ονδούρα"],
["Βουδαπέστη", "Ουγγαρία"],
["Ρέικιαβικ", "Ισλανδία"],
["Νέο Δελχί", "Ινδία"],
["Τζακάρτα", "Ινδονησία"],
["Τεχεράνη", "Ιράν"],
["Βαγδάτη", "Ιράκ"],
["Δουβλίνο", "Ιρλανδία"],
["Ιερουσαλήμ", "Ισραήλ"],
["Ρώμη", "Ιταλία"],
["Κίνγκστον", "Τζαμάικα"],
["Τόκιο", "Ιαπωνία"],
["Αμμάν", "Ιορδανία"],
["Νουρ Σουλτάν", "Καζακστάν"],
["Ναϊρόμπι", "Κένυα"],
["Ατόλη Ταράουα", "Κιριμπάτι"],
["Πρίστινα", "Κοσσυφοπέδιο"],
["Κουβέιτ Σίτι", "Κουβέιτ"],
["Μπισκέκ", "Κιργιζία"],
["Βιεντιάν", "Λάος"],
["Ρίγα", "Λετονία"],
["Βηρυτός", "Λίβανος"],
["Μασέρου", "Λεσότο"],
["Μονρόβια", "Λιβερία"],
["Τρίπολη", "Λιβύη"],
["Βαντούζ", "Λιχτενστάιν"],
["Βίλνιους", "Λιθουανία"],
["Λουξεμβούργο", "Λουξεμβούργο"],
["Ανταναναρίβο", "Μαδαγασκάρη"],
["Λιλόνγκουε", "Μαλάουι"],
["Κουάλα Λουμπούρ", "Μαλαισία"],
["Μάλε", "Μαλδίβες"],
["Μπαμάκο", "Μάλι"],
["Βαλέτα", "Μάλτα"],
["Ματζούρο", "Νήσοι Μάρσαλ"],
["Νουακτσότ", "Μαυριτανία"],
["Πορτ Λουί", "Μαυρίκιος"],
["Πόλη του Μεξικού", "Μεξικό"],
["Κισινάου", "Μολδαβία"],
["Μονακό", "Μονακό"],
["Ουλάν Μπατόρ", "Μογγολία"],
["Ποντγκόριτσα", "Μαυροβούνιο"],
["Ραμπάτ", "Μαρόκο"],
["Μαπούτο", "Μοζαμβίκη"],
["Νάι Πι Τάου", "Μιανμάρ"],
["Βίντχοκ", "Ναμίμπια"],
["Γιαρέν", "Ναουρού"],
["Κατμαντού", "Νεπάλ"],
["Άμστερνταμ", "Ολλανδία"],
["Ουέλινγκτον", "Νέα Ζηλανδία"],
["Μανάγκουα", "Νικαράγουα"],
["Νιαμέι", "Νίγηρας"],
["Αμπούτζα", "Νιγηρία"],
["Πιονγκγιάνγκ", "Βόρεια Κορέα "],
["Σκόπια", "Βόρεια Μακεδονία"],
["Μπέλφαστ", "Βόρεια Ιρλανδία"],
["Όσλο", "Νορβηγία"],
["Μουσκάτ", "Ομάν"],
["Ισλαμαμπάντ", "Πακιστάν"],
["Μελεκέοκ", "Παλάου"],
["Πόλη του Παναμά", "Παναμάς"],
["Πορτ Μόρεσμπι", "Παπούα Νέα Γουινέα"],
["Ασουνσιόν", "Παραγουάη"],
["Λίμα", "Περού"],
["Μανίλα", "Φιλιππίνες"],
["Βαρσοβία", "Πολωνία"],
["Λισαβόνα", "Πορτογαλία"],
["Ντόχα", "Κατάρ"],
["Βουκουρέστι", "Ρουμανία"],
["Μόσχα", "Ρωσία"],
["Κιγκάλι", "Ρουάντα"],
["Μπαστέρ", "Άγιος Χριστόφορος και Νέβις"],
["Καστρίς", "Αγία Λουκία"],
["Κινγκς Τάουν", "Άγιος Βικέντιος και Γρεναδίνες"],
["Άπια", "Σαμόα"],
["Άγιος Μαρίνος", "Σαν Μαρίνο"],
["Σάο Τομέ", "Σάο Τομέ και Πρίνσιπε"],
["Ριάντ", "Σαουδική Αραβία"],
["Εδιμβούργο", "Σκωτία"],
["Ντακάρ", ""],
["Βελιγράδι", "Σερβία"],
["Βικτώρια", "Σεϋχέλλες"],
["Φρίταουν", "Σιέρα Λεόνε"],
["Σιγκαπούρη", "Σιγκαπούρη"],
["Μπρατισλάβα", "Σλοβακία"],
["Λιουμπλιάνα", "Σλοβενία"],
["Χονιάρα", "Νησιά Σολομώντα"],
["Μογκαντίσου", "Σομαλία"],
["Κέιπ Τάουν", "Νότια Αφρική"],
["Σεούλ", "Νότια Κορέα"],
["Τζούμπα", "Νότιο Σουδάν"],
["Μαδρίτη", "Ισπανία"],
["Σρι Δζαγιαβαρντενεπούρα Κόττε", "Σρι Λάνκα"],
["Χαρτούμ", "Σουδάν"],
["Παραμαρίμπο", "Σουρινάμ"],
["Στοκχόλμη", "Σουηδία"],
["Βέρνη", "Ελβετία"],
["Δαμασκός", "Συρία"],
["Ταϊπέι", "Ταϊβάν"],
["Ντουσανμπέ", "Τατζικιστάν"],
["Ντοντόμα", "Τανζανία"],
["Μπανγκόκ", "Ταϊλάνδη"],
["ΛομέΤόγκο", ""],
["Νουκουαλόφα", "Τόνγκα"],
["Πορτ Οφ Σπέιν", "Τρινιντάντ και Τομπάγκο"],
["Τύνιδα", "Τυνησία"],
["Άγκυρα", "Τουρκία"],
["Ασγκαμπάτ", "Τουρκμενιστάν"],
["Φουναφούτι", "Τουβαλού"],
["Καμπάλα", "Ουγκάντα"],
["Κίεβο", "Ουκρανία"],
["Άμπου Ντάμπι", "Ηνωμένα Αραβικά Εμιράτα"],
["Λονδίνο", "Ηνωμένο Βασίλειο"],
["Ουάσινγκτον", "Ηνωμένες Πολιτείες"],
["Μοντεβιδέο", "Ουρουγουάη"],
["Τασκένδη", "Ουζμπεκιστάν"],
["Πορτ Βίλα", "Βανουάτου"],
["Βατικανό", "Βατικανό"],
["Καράκας", "Βενεζουέλα"],
["Ανόι", "Βιετνάμ"],
["Κάρντιφ", "Ουαλία"],
["Σαναά", "Υεμένη"],
["Λουσάκα", "Ζάμπια"],
["Χαράρε", "Ζιμπάμπουε"]
]
