[
["China", "0"],
["India", "1"],
["United States", "2"],
["Indonesia", "3"],
["Pakistan", "4"],
["Brazil", "5"],
["Nigeria", "6"],
["Bangladesh", "7"],
["Russia", "8"],
["Mexico", "9"],
["Japan", "10"],
["Ethiopia", "11"],
["Philippines", "12"],
["Egypt", "13"],
["Vietnam", "14"],
["DR Congo", "15"],
["Turkey", "16"],
["Iran", "17"],
["Germany", "18"],
["Thailand", "19"],
["United Kingdom", "20"],
["France", "21"],
["Italy", "22"],
["Tanzania", "23"],
["South Africa", "24"],
["Myanmar", "25"],
["Kenya", "26"],
["South Korea", "27"],
["Colombia", "28"],
["Spain", "29"],
["Uganda", "30"],
["Argentina", "31"],
["Algeria", "32"],
["Sudan", "33"],
["Ukraine", "34"],
["Iraq", "35"],
["Afghanistan", "36"],
["Poland", "37"],
["Canada", "38"],
["Morocco", "39"],
["Saudi Arabia", "40"],
["Uzbekistan", "41"],
["Peru", "42"],
["Angola", "43"],
["Malaysia", "44"],
["Mozambique", "45"],
["Ghana", "46"],
["Yemen", "47"],
["Nepal", "48"],
["Venezuela", "49"],
["Madagascar", "50"],
["Cameroon", "51"],
["Côte d'Ivoire", "52"],
["North Korea", "53"],
["Australia", "54"],
["Niger", "55"],
["Taiwan", "56"],
["Sri Lanka", "57"],
["Burkina Faso", "58"],
["Mali", "59"],
["Romania", "60"],
["Malawi", "61"],
["Chile", "62"],
["Kazakhstan", "63"],
["Zambia", "64"],
["Guatemala", "65"],
["Ecuador", "66"],
["Syria", "67"],
["Netherlands", "68"],
["Senegal", "69"],
["Cambodia", "70"],
["Chad", "71"],
["Somalia", "72"],
["Zimbabwe", "73"],
["Guinea", "74"],
["Rwanda", "75"],
["Benin", "76"],
["Burundi", "77"],
["Tunisia", "78"],
["Bolivia", "79"],
["Belgium", "80"],
["Haiti", "81"],
["Cuba", "82"],
["South Sudan", "83"],
["Dominican Republic", "84"],
["Czech Republic (Czechia)", "85"],
["Greece", "86"],
["Jordan", "87"],
["Portugal", "88"],
["Azerbaijan", "89"],
["Sweden", "90"],
["Honduras", "91"],
["United Arab Emirates", "92"],
["Hungary", "93"],
["Tajikistan", "94"],
["Belarus", "95"],
["Austria", "96"],
["Papua New Guinea", "97"],
["Serbia", "98"],
["Israel", "99"],
["Switzerland", "100"],
["Togo", "101"],
["Sierra Leone", "102"],
["Hong Kong", "103"],
["Laos", "104"],
["Paraguay", "105"],
["Bulgaria", "106"],
["Libya", "107"],
["Lebanon", "108"],
["Nicaragua", "109"],
["Kyrgyzstan", "110"],
["El Salvador", "111"],
["Turkmenistan", "112"],
["Singapore", "113"],
["Denmark", "114"],
["Finland", "115"],
["Congo", "116"],
["Slovakia", "117"],
["Norway", "118"],
["Oman", "119"],
["State of Palestine", "120"],
["Costa Rica", "121"],
["Liberia", "122"],
["Ireland", "123"],
["Central African Republic", "124"],
["New Zealand", "125"],
["Mauritania", "126"],
["Panama", "127"],
["Kuwait", "128"],
["Croatia", "129"],
["Moldova", "130"],
["Georgia", "131"],
["Eritrea", "132"],
["Uruguay", "133"],
["Bosnia and Herzegovina", "134"],
["Mongolia", "135"],
["Armenia", "136"],
["Jamaica", "137"],
["Qatar", "138"],
["Albania", "139"],
["Puerto Rico", "140"],
["Lithuania", "141"],
["Namibia", "142"],
["Gambia", "143"],
["Botswana", "144"],
["Gabon", "145"],
["Lesotho", "146"],
["North Macedonia", "147"],
["Slovenia", "148"],
["Guinea-Bissau", "149"],
["Latvia", "150"],
["Bahrain", "151"],
["Equatorial Guinea", "152"],
["Trinidad and Tobago", "153"],
["Estonia", "154"],
["Timor-Leste", "155"],
["Mauritius", "156"],
["Cyprus", "157"],
["Eswatini", "158"],
["Djibouti", "159"],
["Fiji", "160"],
["Réunion", "161"],
["Comoros", "162"],
["Guyana", "163"],
["Bhutan", "164"],
["Solomon Islands", "165"],
["Macao", "166"],
["Montenegro", "167"],
["Luxembourg", "168"],
["Western Sahara", "169"],
["Suriname", "170"],
["Cabo Verde", "171"],
["Micronesia", "172"],
["Maldives", "173"],
["Malta", "174"],
["Brunei", "175"],
["Guadeloupe", "176"],
["Belize", "177"],
["Bahamas", "178"],
["Martinique", "179"],
["Iceland", "180"],
["Vanuatu", "181"],
["French Guiana", "182"],
["Barbados", "183"],
["New Caledonia", "184"],
["French Polynesia", "185"],
["Mayotte", "186"],
["Sao Tome & Principe", "187"],
["Samoa", "188"],
["Saint Lucia", "189"],
["Channel Islands", "190"],
["Guam", "191"],
["Curaçao", "192"],
["Kiribati", "193"],
["Grenada", "194"],
["St. Vincent & Grenadines", "195"],
["Aruba", "196"],
["Tonga", "197"],
["U.S. Virgin Islands", "198"],
["Seychelles", "199"],
["Antigua and Barbuda", "200"],
["Isle of Man", "201"],
["Andorra", "202"],
["Dominica", "203"],
["Cayman Islands", "204"],
["Bermuda", "205"],
["Marshall Islands", "206"],
["Northern Mariana Islands", "207"],
["Greenland", "208"],
["American Samoa", "209"],
["Saint Kitts & Nevis", "210"],
["Faeroe Islands", "211"],
["Sint Maarten", "212"],
["Monaco", "213"],
["Turks and Caicos", "214"],
["Saint Martin", "215"],
["Liechtenstein", "216"],
["San Marino", "217"],
["Gibraltar", "218"],
["British Virgin Islands", "219"],
["Caribbean Netherlands", "220"],
["Palau", "221"],
["Cook Islands", "222"],
["Anguilla", "223"],
["Tuvalu", "224"],
["Wallis & Futuna", "225"],
["Nauru", "226"],
["Saint Barthelemy", "227"],
["Saint Helena", "228"],
["Saint Pierre & Miquelon", "229"],
["Montserrat", "230"],
["Falkland Islands", "231"],
["Niue", "232"],
["Tokelau", "233"],
["Holy See", "234"]
]
