[
["Κίνα", "0"],
["Ινδία", "1"],
["Ηνωμένες Πολιτείες", "2"],
["Ινδονησία", "3"],
["Πακιστάν", "4"],
["Βραζιλία", "5"],
["Νιγηρία", "6"],
["Μπαγκλαντές", "7"],
["Ρωσία", "8"],
["Μεξικό", "9"],
["Ιαπωνία", "10"],
["Αιθιοπία", "11"],
["Φιλιππίνες", "12"],
["Αίγυπτος", "13"],
["Βιετνάμ", "14"],
["ΛΔ Κονγκό", "15"],
["Τουρκία", "16"],
["Ιράν", "17"],
["Γερμανία", "18"],
["Ταϊλάνδη", "19"],
["Ηνωμένο Βασίλειο", "20"],
["Γαλλία", "21"],
["Ιταλία", "22"],
["Τανζανία", "23"],
["Νότια Αφρική", "24"],
["Μιανμάρ", "25"],
["Κένυα", "26"],
["Νότια Κορέα", "27"],
["Κολομβία", "28"],
["Ισπανία", "29"],
["Ουγκάντα", "30"],
["Αργεντινή", "31"],
["Αλγερία", "32"],
["Σουδάν", "33"],
["Ουκρανία", "34"],
["Ιράκ", "35"],
["Αφγανιστάν", "36"],
["Πολωνία", "37"],
["Καναδάς", "38"],
["Μαρόκο", "49"],
["Σαουδική Αραβία", "40"],
["Ουζμπεκιστάν", "41"],
["Περού", "42"],
["Αγκόλα", "43"],
["Μαλαισία", "44"],
["Μοζαμβίκη", "45"],
["Γκάνα", "46"],
["Υεμένη", "47"],
["Νεπάλ", "48"],
["Βενεζουέλα", "49"],
["Μαδαγασκάρη", "50"],
["Καμερούν", "51"],
["Ακτή Ελεφαντοστού", "52"],
["Βόρεια Κορέα", "53"],
["Αυστραλία", "54"],
["Νίγηρας", "55"],
["Ταϊβάν", "56"],
["Σρι Λάνκα", "57"],
["Μπουρκίνα Φάσο", "58"],
["Μάλι", "59"],
["Ρουμανία", "60"],
["Μαλάουι", "61"],
["Χιλή", "62"],
["Καζακστάν", "63"],
["Ζάμπια", "64"],
["Γουατεμάλα", "65"],
["Εκουαδόρ", "66"],
["Συρία", "67"],
["Ολλανδία", "68"],
["Σενεγάλη", "69"],
["Καμπότζη", "70"],
["Τσαντ", "71"],
["Σομαλία", "72"],
["Ζιμπάμπουε", "73"],
["Γουινέα", "74"],
["Ρουάντα", "75"],
["Μπενίν", "76"],
["Μπουρούντι", "77"],
["Τυνησία", "78"],
["Βολιβία", "79"],
["Βέλγιο", "80"],
["Αϊτή", "81"],
["Κούβα", "82"],
["Νότιο Σουδάν", "83"],
["Δομινικανή Δημοκρατία", "84"],
["Τσεχία", "85"],
["Ελλάδα", "86"],
["Ιορδανία", "87"],
["Πορτογαλία", "88"],
["Αζερμπαϊτζάν", "89"],
["Σουηδία", "90"],
["Ονδούρα", "91"],
["Ηνωμένα Αραβικά Εμιράτα", "92"],
["Ουγγαρία", "93"],
["Τατζικιστάν", "94"],
["Λευκορωσία", "95"],
["Αυστρία", "96"],
["Παπούα Νέα Γουινέα", "97"],
["Σερβία", "98"],
["Ισραήλ", "99"],
["Ελβετία", "100"],
["Τόγκο", "101"],
["Σιέρα Λεόνε", "102"],
["Χονγκ Κονγκ", "103"],
["Λάος", "104"],
["Παραγουάη", "105"],
["Βουλγαρία", "106"],
["Λιβύη", "107"],
["Λίβανος", "108"],
["Νικαράγουα", "109"],
["Κιργιστάν", "110"],
["Ελ Σαλβαδόρ", "111"],
["Τουρκμενιστάν", "112"],
["Σιγκαπούρη", "113"],
["Δανία", "114"],
["Φινλανδία", "115"],
["Δημοκρατία του Κονγκό", "116"],
["Σλοβακία", "117"],
["Νορβηγία", "118"],
["Ομάν", "119"],
["Παλαιστίνη", "120"],
["Κόστα Ρίκα", "121"],
["Λιβερία", "122"],
["Ιρλανδία", "123"],
["Κεντροαφρικανική Δημοκρατία", "124"],
["Νέα Ζηλανδία", "125"],
["Μαυριτανία", "126"],
["Παναμάς", "127"],
["Κουβέιτ", "128"],
["Κροατία", "129"],
["Μολδαβία", "130"],
["Γεωργία", "131"],
["Ερυθραία", "132"],
["Ουρουγουάη", "133"],
["Βοσνία-Ερζεγοβίνη", "134"],
["Μογγολία", "135"],
["Αρμενία", "136"],
["Τζαμάικα", "137"],
["Κατάρ", "138"],
["Αλβανία", "139"],
["Πουέρτο Ρίκο", "140"],
["Λιθουανία", "141"],
["Ναμίμπια", "142"],
["Γκάμπια", "143"],
["Μποτσουάνα", "144"],
["Γκαμπόν", "145"],
["Λεσότο", "146"],
["Βόρεια Μακεδονία", "147"],
["Σλοβενία", "148"],
["Γουινέα Μπισσάου", "149"],
["Λετονία", "150"],
["Μπαχρέιν", "151"],
["Ισημερινή Γουινέα", "152"],
["Τρινιντάντ και Τομπάγκο", "153"],
["Εσθονία", "154"],
["Ανατολικό Τιμόρ", "155"],
["Μαυρίκιος", "156"],
["Κύπρος", "157"],
["Εσουατίνι", "158"],
["Τζιμπουτί", "159"],
["Φίτζι", "160"],
["Ρεϋνιόν", "161"],
["Κομόρες", "162"],
["Γουιάνα", "163"],
["Μπουτάν", "164"],
["Νήσοι Σολομώντα", "165"],
["Μακάου", "166"],
["Μαυροβούνιο", "167"],
["Λουξεμβούργο", "168"],
["Σουρινάμ", "169"],
["Πράσινο Ακρωτήριο", "170"],
["Μικρονησία", "171"],
["Μαλδίβες", "172"],
["Μάλτα", "173"],
["Μπρουνέι", "174"],
["Γουαδελούπη", "175"],
["Μπελίζ", "176"],
["Μπαχάμες", "177"],
["Μαρτινίκα", "178"],
["Ισλανδία", "179"],
["Βανουάτου", "180"],
["Μπαρμπάντος", "181"],
["Νέα Καληδονία", "182"],
["Μαγιότ", "183"],
["Σάο Τομέ και Πρίνσιπε", "184"],
["Σαμόα", "185"],
["Αγία Λουκία", "186"],
["Γκουάμ", "187"],
["Κουρασάο", "188"],
["Κιριμπάτι", "189"],
["Γρενάδα", "190"],
["Άγιος Βικέντιος και Γρεναδίνες", "191"],
["Αρούμπα", "192"],
["Τόνγκα", "193"],
["Αμερικανικές Παρθένοι Νήσοι", "194"],
["Σεϋχέλλες", "195"],
["Αντίγκουα και Μπαρμπούντα", "196"],
["Ανδόρρα", "197"],
["Δομινίκα", "198"],
["Νήσοι Κέιμαν", "199"],
["Βερμούδες", "200"],
["Νήσοι Μάρσαλ", "201"],
["Βόρειες Μαριάνες", "202"],
["Γροιλανδία", "203"],
["Αμερικανική Σαμόα", "204"],
["Άγιος Χριστόφορος και Νέβις", "205"],
["Νήσοι Φερόες", "206"],
["Αγιος Μαρτίνος", "207"],
["Μονακό", "208"],
["Τερκς και Κάικος", "209"],
["Λιχτενστάιν", "210"],
["Άγιος Μαρίνος", "211"],
["Γιβραλτάρ", "212"],
["Βρετανικές Παρθένοι Νήσοι", "213"],
["Παλάου", "214"],
["Νήσοι Κουκ", "215"],
["Ανγκουίλα", "216"],
["Τουβαλού", "217"],
["Ουαλίς και Φουτουνά", "218"],
["Ναούρου", "219"],
["Αγία Ελένη", "220"],
["Άγιος Πιερ & Μικελόν", "221"],
["Μοντσερράτ", "222"],
["Νήσοι Φόκλαντ", "223"],
["Τοκελάου", "224"],
["Αγία Έδρα", "225"]
]
