[
["0", "China SPLITTER 1,439,323,776"],
["1", "India SPLITTER 1,380,004,385"],
["2", "United States SPLITTER 331,002,651"],
["3", "Indonesia SPLITTER 273,523,615"],
["4", "Pakistan SPLITTER 220,892,340"],
["5", "Brazil SPLITTER 212,559,417"],
["6", "Nigeria SPLITTER 206,139,589"],
["7", "Bangladesh SPLITTER 164,689,383"],
["8", "Russia SPLITTER 145,934,462"],
["9", "Mexico SPLITTER 128,932,753"],
["10", "Japan SPLITTER 126,476,461"],
["11", "Ethiopia SPLITTER 114,963,588"],
["12", "Philippines SPLITTER 109,581,078"],
["13", "Egypt SPLITTER 102,334,404"],
["14", "Vietnam SPLITTER 97,338,579"],
["15", "DR Congo SPLITTER 89,561,403"],
["16", "Turkey SPLITTER 84,339,067"],
["17", "Iran SPLITTER 83,992,949"],
["18", "Germany SPLITTER 83,783,942"],
["19", "Thailand SPLITTER 69,799,978"],
["20", "United Kingdom SPLITTER 67,886,011"],
["21", "France SPLITTER 65,273,511"],
["22", "Italy SPLITTER 60,461,826"],
["23", "Tanzania SPLITTER 59,734,218"],
["24", "South Africa SPLITTER 59,308,690"],
["25", "Myanmar SPLITTER 54,409,800"],
["26", "Kenya SPLITTER 53,771,296"],
["27", "South Korea SPLITTER 51,269,185"],
["28", "Colombia SPLITTER 50,882,891"],
["29", "Spain SPLITTER 46,754,778"],
["30", "Uganda SPLITTER 45,741,007"],
["31", "Argentina SPLITTER 45,195,774"],
["32", "Algeria SPLITTER 43,851,044"],
["33", "Sudan SPLITTER 43,849,260"],
["34", "Ukraine SPLITTER 43,733,762"],
["35", "Iraq SPLITTER 40,222,493"],
["36", "Afghanistan SPLITTER 38,928,346"],
["37", "Poland SPLITTER 37,846,611"],
["38", "Canada SPLITTER 37,742,154"],
["39", "Morocco SPLITTER 36,910,560"],
["40", "Saudi Arabia SPLITTER 34,813,871"],
["41", "Uzbekistan SPLITTER 33,469,203"],
["42", "Peru SPLITTER 32,971,854"],
["43", "Angola SPLITTER 32,866,272"],
["44", "Malaysia SPLITTER 32,365,999"],
["45", "Mozambique SPLITTER 31,255,435"],
["46", "Ghana SPLITTER 31,072,940"],
["47", "Yemen SPLITTER 29,825,964"],
["48", "Nepal SPLITTER 29,136,808"],
["49", "Venezuela SPLITTER 28,435,940"],
["50", "Madagascar SPLITTER 27,691,018"],
["51", "Cameroon SPLITTER26,545,863"],
["52", "Côte d'Ivoire SPLITTER 26,378,274"],
["53", "North Korea SPLITTER 25,778,816"],
["54", "Australia SPLITTER 25,499,884"],
["55", "Niger SPLITTER 24,206,644"],
["56", "Taiwan SPLITTER 23,816,775"],
["57", "Sri Lanka SPLITTER21,413,249"],
["58", "Burkina Faso SPLITTER 20,903,273"],
["59", "Mali SPLITTER 20,250,833"],
["60", "Romania SPLITTER 19,237,691"],
["61", "Malawi SPLITTER 19,129,952"],
["62", "Chile SPLITTER 19,116,201"],
["63", "Kazakhstan SPLITTER 18,776,707"],
["64", "Zambia SPLITTER 18,383,955"],
["65", "Guatemala SPLITTER 17,915,568"],
["66", "Ecuador SPLITTER 17,643,054"],
["67", "Syria SPLITTER 17,500,658"],
["68", "Netherlands SPLITTER 17,134,872"],
["69", "Senegal SPLITTER 16,743,927"],
["70", "Cambodia SPLITTER 16,718,965"],
["71", "Chad SPLITTER 16,425,864"],
["72", "Somalia SPLITTER 15,893,222"],
["73", "Zimbabwe SPLITTER 14,862,924"],
["74", "Guinea SPLITTER 13,132,795"],
["75", "Rwanda SPLITTER 12,952,218"],
["76", "Benin SPLITTER 12,123,200"],
["77", "Burundi SPLITTER 11,890,784"],
["78", "Tunisia SPLITTER 11,818,619"],
["79", "Bolivia SPLITTER 11,673,021"],
["80", "Belgium SPLITTER 11,589,623"],
["81", "Haiti SPLITTER 11,402,528"],
["82", "Cuba SPLITTER 11,326,616"],
["83", "South Sudan SPLITTER 11,193,725"],
["84", "Dominican Republic SPLITTER 10,847,910"],
["85", "Czech Republic (Czechia) SPLITTER 10,708,981"],
["86", "Greece SPLITTER 10,423,054"],
["87", "Jordan SPLITTER 10,203,134"],
["88", "Portugal SPLITTER 10,196,709"],
["89", "Azerbaijan SPLITTER 10,139,177"],
["90", "Sweden SPLITTER 10,099,265"],
["91", "Honduras SPLITTER 9,904,607"],
["92", "United Arab Emirates SPLITTER 9,890,402"],
["93", "Hungary SPLITTER 9,660,351"],
["94", "Tajikistan SPLITTER 9,537,645"],
["95", "Belarus SPLITTER 9,449,323"],
["96", "Austria SPLITTER 9,006,398"],
["97", "Papua New Guinea SPLITTER 8,947,024"],
["98", "Serbia SPLITTER 8,737,371"],
["99", "Israel SPLITTER 8,655,535"],
["100", "Switzerland SPLITTER 8,654,622"],
["101", "Togo SPLITTER 8,278,724"],
["102", "Sierra Leone SPLITTER 7,976,983"],
["103", "Hong Kong SPLITTER 7,496,981"],
["104", "Laos SPLITTER 7,275,560"],
["105", "Paraguay SPLITTER 7,132,538"],
["106", "Bulgaria SPLITTER 6,948,445"],
["107", "Libya SPLITTER 6,871,292"],
["108", "Lebanon SPLITTER 6,825,445"],
["109", "Nicaragua SPLITTER 6,624,554"],
["110", "Kyrgyzstan SPLITTER 6,524,195"],
["111", "El Salvador SPLITTER 6,486,205"],
["112", "Turkmenistan SPLITTER 6,031,200"],
["113", "Singapore SPLITTER 5,850,342"],
["114", "Denmark SPLITTER 5,792,202"],
["115", "Finland SPLITTER 5,540,720"],
["116", "Congo SPLITTER 5,518,087"],
["117", "Slovakia SPLITTER 5,459,642"],
["118", "Norway SPLITTER 5,421,241"],
["119", "Oman SPLITTER 5,106,626"],
["120", "State of Palestine SPLITTER 5,101,414"],
["121", "Costa Rica SPLITTER 5,094,118"],
["122", "Liberia SPLITTER 5,057,681"],
["123", "Ireland SPLITTER 4,937,786"],
["124", "Central African Republic SPLITTER 4,829,767"],
["125", "New Zealand SPLITTER 4,822,233"],
["126", "Mauritania SPLITTER 4,649,658"],
["127", "Panama SPLITTER 4,314,767"],
["128", "Kuwait SPLITTER 4,270,571"],
["129", "Croatia SPLITTER 4,105,267"],
["130", "Moldova SPLITTER 4,033,963"],
["131", "Georgia SPLITTER 3,989,167"],
["132", "Eritrea SPLITTER 3,546,421"],
["133", "Uruguay SPLITTER 3,473,730"],
["134", "Bosnia and Herzegovina SPLITTER 3,280,819"],
["135", "Mongolia SPLITTER 3,278,290"],
["136", "Armenia SPLITTER 2,963,243"],
["137", "Jamaica SPLITTER 2,961,167"],
["138", "Qatar SPLITTER 2,881,053"],
["139", "Albania SPLITTER 2,877,797"],
["140", "Puerto Rico SPLITTER 2,860,853"],
["141", "Lithuania SPLITTER 2,722,289"],
["142", "Namibia SPLITTER 2,540,905"],
["143", "Gambia SPLITTER 2,416,668"],
["144", "Botswana SPLITTER 2,351,627"],
["145", "Gabon SPLITTER 2,225,734"],
["146", "Lesotho SPLITTER 2,142,249"],
["147", "North Macedonia SPLITTER 2,083,374"],
["148", "Slovenia SPLITTER 2,078,938"],
["149", "Guinea-Bissau SPLITTER 1,968,001"],
["150", "Latvia SPLITTER 1,886,198"],
["151", "Bahrain SPLITTER 1,701,575"],
["152", "Equatorial Guinea SPLITTER 1,402,985"],
["153", "Trinidad and Tobago SPLITTER 1,399,488"],
["154", "Estonia SPLITTER 1,326,535"],
["155", "Timor-Leste SPLITTER 1,318,445"],
["156", "Mauritius SPLITTER 1,271,768"],
["157", "Cyprus SPLITTER 1,207,359"],
["158", "Eswatini SPLITTER 1,160,164"],
["159", "Djibouti SPLITTER 988,000"],
["160", "Fiji SPLITTER 896,445"],
["161", "Réunion SPLITTER 895,312"],
["162", "Comoros SPLITTER 869,601"],
["163", "Guyana SPLITTER 786,552"],
["164", "Bhutan SPLITTER 771,608"],
["165", "Solomon Islands SPLITTER 686,884"],
["166", "Macao SPLITTER 649,335"],
["167", "Montenegro SPLITTER 628,066"],
["168", "Luxembourg SPLITTER 625,978"],
["169", "Western Sahara SPLITTER 597,339"],
["170", "Suriname SPLITTER 586,632"],
["171", "Cabo Verde SPLITTER 555,987"],
["172", "Micronesia SPLITTER 548,914"],
["173", "Maldives SPLITTER 540,544"],
["174", "Malta SPLITTER 441,543"],
["175", "Brunei SPLITTER 437,479"],
["176", "Guadeloupe SPLITTER 400,124"],
["177", "Belize SPLITTER 397,628"],
["178", "Bahamas SPLITTER 393,244"],
["179", "Martinique SPLITTER 375,265"],
["180", "Iceland SPLITTER 341,243"],
["181", "Vanuatu SPLITTER 307,145"],
["182", "French Guiana SPLITTER 298,682"],
["183", "Barbados SPLITTER 287,375"],
["184", "New Caledonia SPLITTER 285,498"],
["185", "French Polynesia SPLITTER 280,908"],
["186", "Mayotte SPLITTER 272,815"],
["187", "Sao Tome & Principe SPLITTER 219,159"],
["188", "Samoa SPLITTER 198,414"],
["189", "Saint Lucia SPLITTER 183,627"],
["190", "Channel Islands SPLITTER 173,863"],
["191", "Guam SPLITTER 168,775"],
["192", "Curaçao SPLITTER 164,093"],
["193", "Kiribati SPLITTER 119,449"],
["194", "Grenada SPLITTER 112,523"],
["195", "St. Vincent & Grenadines SPLITTER 110,94"],
["196", "Aruba SPLITTER 106,766"],
["197", "Tonga SPLITTER 105,695"],
["198", "U.S. Virgin Islands SPLITTER 104,425"],
["199", "Seychelles SPLITTER 98,347"],
["200", "Antigua and Barbuda SPLITTER 97,929"],
["201", "Isle of Man SPLITTER 85,033"],
["202", "Andorra SPLITTER 77,265"],
["203", "Dominica SPLITTER 71,986"],
["204", "Cayman Islands SPLITTER 65,722"],
["205", "Bermuda SPLITTER 62,278"],
["206", "Marshall Islands SPLITTER 59,19"],
["207", "Northern Mariana Islands SPLITTER 57,559"],
["208", "Greenland SPLITTER 56,77"],
["209", "American Samoa SPLITTER 55,191"],
["210", "Saint Kitts & Nevis SPLITTER 53,199"],
["211", "Faeroe Islands SPLITTER 48,863"],
["212", "Sint Maarten SPLITTER 42,876"],
["213", "Monaco SPLITTER 39,242"],
["214", "Turks and Caicos SPLITTER 38,717"],
["215", "Saint Martin SPLITTER 38,666"],
["216", "Liechtenstein SPLITTER 38,128"],
["217", "San Marino SPLITTER 33,931"],
["218", "Gibraltar SPLITTER 33,691"],
["219", "British Virgin Islands SPLITTER 30,231"],
["220", "Caribbean Netherlands SPLITTER 26,223"],
["221", "Palau SPLITTER 18,094"],
["222", "Cook Islands SPLITTER 17,564"],
["223", "Anguilla SPLITTER 15,003"],
["224", "Tuvalu SPLITTER 11,792"],
["225", "Wallis & Futuna SPLITTER 11,239"],
["226", "Nauru SPLITTER 10,824"],
["227", "Saint Barthelemy SPLITTER 9,877"],
["228", "Saint Helena SPLITTER 6,077"],
["229", "Saint Pierre & Miquelon SPLITTER 5,794"],
["230", "Montserrat SPLITTER 4,992"],
["231", "Falkland Islands SPLITTER 3,48"],
["232", "Niue SPLITTER 1,626"],
["233", "Tokelau SPLITTER 1,357"],
["234", "Holy See SPLITTER 801"]
]
