[
["0", "Κίνα SPLITTER 1,439,323,776"],
["1", "Ινδία SPLITTER 1,380,004,385"],
["2", "Ηνωμένες Πολιτείες SPLITTER 331,002,651"],
["3", "Ινδονησία SPLITTER 273,523,615"],
["4", "Πακιστάν SPLITTER 220,892,340"],
["5", "Βραζιλία SPLITTER 212,559,417"],
["6", "Νιγηρία SPLITTER 206,139,589"],
["7", "Μπαγκλαντές SPLITTER 164,689,383"],
["8", "Ρωσία SPLITTER 145,934,462"],
["9", "Μεξικό SPLITTER 128,932,753"],
["10", "Ιαπωνία SPLITTER 126,476,461"],
["11", "Αιθιοπία SPLITTER 114,963,588"],
["12", "Φιλιππίνες SPLITTER 109,581,078"],
["13", "Αίγυπτος SPLITTER 102,334,404"],
["14", "Βιετνάμ SPLITTER 97,338,579"],
["15", "ΛΔ Κονγκό SPLITTER 89,561,403"],
["16", "Τουρκία SPLITTER 84,339,067"],
["17", "Ιράν SPLITTER 83,992,949"],
["18", "Γερμανία SPLITTER 83,783,942"],
["19", "Ταϊλάνδη SPLITTER 69,799,978"],
["20", "Ηνωμένο Βασίλειο SPLITTER 67,886,011"],
["21", "Γαλλία SPLITTER 65,273,511"],
["22", "Ιταλία SPLITTER 60,461,826"],
["23", "Τανζανία SPLITTER 59,734,218"],
["24", "Νότια Αφρική SPLITTER 59,308,690"],
["25", "Μιανμάρ SPLITTER 54,409,800"],
["26", "Κένυα SPLITTER 53,771,296"],
["27", "Νότια Κορέα SPLITTER 51,269,185"],
["28", "Κολομβία SPLITTER 50,882,891"],
["29", "Ισπανία SPLITTER 46,754,778"],
["30", "Ουγκάντα SPLITTER 45,741,007"],
["31", "Αργεντινή SPLITTER 45,195,774"],
["32", "Αλγερία SPLITTER 43,851,044"],
["33", "Σουδάν SPLITTER 43,849,260"],
["34", "Ουκρανία SPLITTER 43,733,762"],
["35", "Ιράκ SPLITTER 40,222,493"],
["36", "Αφγανιστάν SPLITTER 38,928,346"],
["37", "Πολωνία SPLITTER 37,846,611"],
["38", "Καναδάς SPLITTER 37,742,154"],
["39", "Μαρόκο SPLITTER 36,910,560"],
["40", "Σαουδική Αραβία SPLITTER 34,813,871"],
["41", "Ουζμπεκιστάν SPLITTER 33,469,203"],
["42", "Περού SPLITTER 32,971,854"],
["43", "Αγκόλα SPLITTER 32,866,272"],
["44", "Μαλαισία SPLITTER 32,365,999"],
["45", "Μοζαμβίκη SPLITTER 31,255,435"],
["46", "Γκάνα SPLITTER 31,072,940"],
["49", "Υεμένη SPLITTER 29,825,964"],
["50", "Νεπάλ SPLITTER 29,136,808"],
["51", "Βενεζουέλα SPLITTER 28,435,940"],
["52", "Μαδαγασκάρη SPLITTER 27,691,018"],
["53", "Καμερούν SPLITTER 26,545,863"],
["54", "Ακτή Ελεφαντοστού SPLITTER 26,378,274"],
["55", "Βόρεια Κορέα SPLITTER 25,778,816"],
["56", "Αυστραλία SPLITTER 25,499,884"],
["57", "Νίγηρας SPLITTER 24,206,644"],
["58", "Ταϊβάν SPLITTER 23,816,775"],
["59", "Σρι Λάνκα SPLITTER 21,413,249"],
["60", "Μπουρκίνα Φάσο SPLITTER 20,903,273"],
["61", "Μάλι SPLITTER 20,250,833"],
["62", "Ρουμανία SPLITTER 19,237,691"],
["63", "Μαλάουι SPLITTER 19,129,952"],
["64", "Χιλή SPLITTER 19,116,201"],
["65", "Καζακστάν SPLITTER 18,776,707"],
["66", "Ζάμπια SPLITTER 18,383,955"],
["67", "Γουατεμάλα SPLITTER 17,915,568"],
["68", "Εκουαδόρ SPLITTER 17,643,054"],
["69", "Συρία SPLITTER 17,500,658"],
["70", "Ολλανδία SPLITTER 17,134,872"],
["71", "Σενεγάλη SPLITTER 16,743,927"],
["72", "Καμπότζη SPLITTER 16,718,965"],
["73", "Τσαντ SPLITTER 16,425,864"],
["74", "Σομαλία SPLITTER 15,893,222"],
["75", "Ζιμπάμπουε SPLITTER 14,862,924"],
["76", "Γουινέα SPLITTER 13,132,795"],
["77", "Ρουάντα SPLITTER 12,952,218"],
["78", "Μπενίν SPLITTER 12,123,200"],
["79", "Μπουρούντι SPLITTER 11,890,784"],
["80", "Τυνησία SPLITTER 11,818,619"],
["81", "Βολιβία SPLITTER 11,673,021"],
["82", "Βέλγιο SPLITTER 11,589,623"],
["83", "Αϊτή SPLITTER 11,402,528"],
["84", "Κούβα SPLITTER 11,326,616"],
["85", "Νότιο Σουδάν SPLITTER 11,193,725"],
["86", "Δομινικανή Δημοκρατία SPLITTER 10,847,910"],
["87", "ΤσεχίαSPLITTER 10,708,981"],
["88", "Ελλάδα SPLITTER 10,423,054"],
["89", "Ιορδανία SPLITTER 10,203,134"],
["90", "Πορτογαλία SPLITTER 10,196,709"],
["91", "Αζερμπαϊτζάν SPLITTER 10,139,177"],
["92", "Σουηδία SPLITTER 10,099,265"],
["93", "Ονδούρα SPLITTER 9,904,607"],
["94", "Ηνωμένα Αραβικά Εμιράτα SPLITTER 9,890,402"],
["95", "Ουγγαρία SPLITTER 9,660,351"],
["96", "Τατζικιστάν SPLITTER 9,537,645"],
["97", "Λευκορωσία SPLITTER 9,449,323"],
["98", "Αυστρία SPLITTER 9,006,398"],
["99", "Παπούα Νέα Γουινέα SPLITTER 8,947,024"],
["100", "Σερβία SPLITTER 8,737,371"],
["101", "Ισραήλ SPLITTER 8,655,535"],
["102", "Ελβετία SPLITTER 8,654,622"],
["103", "Τόγκο SPLITTER 8,278,724"],
["104", "Σιέρα Λεόνε SPLITTER 7,976,983"],
["105", "Χονγκ Κονγκ SPLITTER 7,496,981"],
["106", "Λάος SPLITTER 7,275,560"],
["107", "Παραγουάη SPLITTER 7,132,538"],
["108", "Βουλγαρία SPLITTER 6,948,445"],
["109", "Λιβύη SPLITTER 6,871,292"],
["110", "Λίβανος SPLITTER 6,825,445"],
["111", "Νικαράγουα SPLITTER 6,624,554"],
["112", "Κιργιστάν SPLITTER 6,524,195"],
["113", "Ελ Σαλβαδόρ SPLITTER 6,486,205"],
["114", "Τουρκμενιστάν SPLITTER 6,031,200"],
["115", "Σιγκαπούρη SPLITTER 5,850,342"],
["116", "Δανία SPLITTER 5,792,202"],
["117", "Φινλανδία SPLITTER 5,540,720"],
["118", "Δημοκρατία του Κονγκό SPLITTER 5,518,087"],
["119", "Σλοβακία SPLITTER 5,459,642"],
["120", "Νορβηγία SPLITTER 5,421,241"],
["121", "Ομάν SPLITTER 5,106,626"],
["122", "Παλαιστίνη SPLITTER 5,101,414"],
["123", "Κόστα Ρίκα SPLITTER 5,094,118"],
["124", "Λιβερία SPLITTER 5,057,681"],
["125", "Ιρλανδία SPLITTER 4,937,786"],
["126", "Κεντροαφρικανική Δημοκρατία SPLITTER 4,829,767"],
["127", "Νέα Ζηλανδία SPLITTER 4,822,233"],
["128", "Μαυριτανία SPLITTER 4,649,658"],
["129", "Παναμάς SPLITTER 4,314,767"],
["130", "Κουβέιτ SPLITTER 4,270,571"],
["131", "Κροατία SPLITTER 4,105,267"],
["132", "Μολδαβία SPLITTER 4,033,963"],
["133", "Γεωργία SPLITTER 3,989,167"],
["134", "Ερυθραία SPLITTER 3,546,421"],
["135", "Ουρουγουάη SPLITTER 3,473,730"],
["136", "Βοσνία Ερζεγοβίνη SPLITTER 3,280,819"],
["137", "Μογγολία SPLITTER 3,278,290"],
["138", "Αρμενία SPLITTER 2,963,243"],
["139", "Τζαμάικα SPLITTER 2,961,167"],
["140", "Κατάρ SPLITTER 2,881,053"],
["141", "Αλβανία SPLITTER 2,877,797"],
["142", "Πουέρτο Ρίκο SPLITTER 2,860,853"],
["143", "Λιθουανία SPLITTER 2,722,289"],
["144", "Ναμίμπια SPLITTER 2,540,905"],
["145", "Γκάμπια SPLITTER 2,416,668"],
["146", "Μποτσουάνα SPLITTER 2,351,627"],
["147", "Γκαμπόν SPLITTER 2,225,734"],
["148", "Λεσότο SPLITTER 2,142,249"],
["149", "Βόρεια Μακεδονία SPLITTER 2,083,374"],
["150", "Σλοβενία SPLITTER 2,078,938"],
["151", "Γουινέα Μπισσάου SPLITTER 1,968,001"],
["152", "Λετονία SPLITTER 1,886,198"],
["153", "Μπαχρέιν SPLITTER 1,701,575"],
["154", "Ισημερινή Γουινέα SPLITTER 1,402,985"],
["155", "Τρινιντάντ και Τομπάγκο SPLITTER 1,399,488"],
["156", "Εσθονία SPLITTER 1,326,535"],
["157", "Ανατολικό Τιμόρ SPLITTER 1,318,445"],
["158", "Μαυρίκιος SPLITTER 1,271,768"],
["159", "Κύπρος SPLITTER 1,207,359"],
["160", "Εσουατίνι SPLITTER 1,160,164"],
["161", "Τζιμπουτί SPLITTER 988,001"],
["162", "Φίτζι SPLITTER 896,445"],
["163", "Ρεϋνιόν SPLITTER 895,312"],
["164", "Κομόρες SPLITTER 869,601"],
["165", "Γουιάνα SPLITTER 786,552"],
["166", "Μπουτάν SPLITTER 771,608"],
["167", "Νήσοι Σολομώντα SPLITTER 686,884"],
["168", "Μακάου SPLITTER 649,335"],
["169", "Μαυροβούνιο SPLITTER 628,066"],
["170", "Λουξεμβούργο SPLITTER 625,978"],
["171", "Σουρινάμ SPLITTER 586,632"],
["172", "Πράσινο Ακρωτήριο SPLITTER 555,987"],
["173", "Μικρονησία SPLITTER 548,914"],
["174", "Μαλδίβες SPLITTER 540,544"],
["175", "Μάλτα SPLITTER 441,543"],
["176", "Μπρουνέι SPLITTER 437,479"],
["177", "Γουαδελούπη SPLITTER 400,124"],
["178", "Μπελίζ SPLITTER 397,628"],
["179", "Μπαχάμες SPLITTER 393,244"],
["180", "Μαρτινίκα SPLITTER 375,265"],
["181", "Ισλανδία SPLITTER 341,243"],
["182", "Βανουάτου SPLITTER 307,145"],
["183", "Μπαρμπάντος SPLITTER 287,375"],
["184", "Νέα Καληδονία SPLITTER 285,498"],
["185", "Μαγιότ SPLITTER 272,815"],
["186", "Σαο Τομε και Πρίνσιπε SPLITTER 219,159"],
["187", "Σαμόα SPLITTER 198,414"],
["188", "Αγία Λουκία SPLITTER 183,627"],
["189", "Γκουάμ SPLITTER 168,775"],
["190", "Κουρασάο SPLITTER 164,093"],
["191", "Κιριμπάτι SPLITTER 119,449"],
["192", "Γρενάδα SPLITTER 112,523"],
["193", "Άγιος Βικέντιος και Γρεναδίνες SPLITTER 110,94"],
["194", "Αρούμπα SPLITTER 106,766"],
["195", "Τόνγκα SPLITTER 105,695"],
["196", "Σεϋχέλλες SPLITTER 98,347"],
["197", "Αντίγκουα και Μπαρμπούντα SPLITTER 97,929"],
["198", "Ανδόρρα SPLITTER 77,265"],
["199", "Δομινίκα SPLITTER 71,986"],
["200", "Νήσοι Κέιμαν SPLITTER 65,722"],
["201", "Βερμούδες SPLITTER 62,278"],
["202", "Νήσοι Μάρσαλ SPLITTER 59,19"],
["203", "Βόρειες Μαριάνες SPLITTER 57,559"],
["204", "Γροιλανδία SPLITTER 56,77"],
["205", "Αμερικανική Σαμόα SPLITTER 55,191"],
["206", "Άγιος Χριστόφορος και Νέβις SPLITTER 53,199"],
["207", "Νήσοι Φερόες SPLITTER 48,863"],
["208", "Αγιος Μαρτίνος SPLITTER 42,876"],
["209", "Μονακό SPLITTER 39,242"],
["210", "Τερκς και Κάικος SPLITTER 38,717"],
["211", "Λιχτενστάιν SPLITTER 38,128"],
["212", "Άγιος Μαρίνος SPLITTER 33,931"],
["213", "Γιβραλτάρ SPLITTER 33,691"],
["214", "Βρετανικές Παρθένοι Νήσοι SPLITTER 30,231"],
["215", "Παλάου SPLITTER 18,094"],
["216", "Νήσοι Κουκ SPLITTER 17,564"],
["217", "Ανγκουίλα SPLITTER 15,003"],
["218", "Τουβαλού SPLITTER 11,792"],
["219", "Ουαλίς και Φουτουνά SPLITTER 11,239"],
["220", "Ναούρου SPLITTER 10,824"],
["221", "Αγία Ελένη SPLITTER 6,077"],
["222", "Άγιος Πιερ και Μικελόν SPLITTER 5,794"],
["223", "Μοντσερράτ SPLITTER 4,992"],
["224", "Νήσοι Φόκλαντ SPLITTER 3,48"],
["225", "Τοκελάου SPLITTER 1,357"],
["226", "Αγία Έδρα SPLITTER 801"]
]
