[
["Τόκιο", "0"],
["Δελχί", "1"],
["Σαγκάη", "2"],
["Ντάκα", "3"],
["Σάο Πάολο", "4"],
["Πόλη του Μεξικού", "5"],
["Κάιρο", "6"],
["Πεκίνο", "7"],
["Βομβάη", "8"],
["Οσάκα", "9"],
["Τσονγκίνγκ", "10"],
["Καράτσι", "11"],
["Κωνσταντινούπολη", "12"],
["Κινσάσα", "13"],
["Λάγος", "14"],
["Μπουένος Άιρες", "15"],
["Καλκούτα", "16"],
["Μανίλα", "17"],
["Τιαντζίν", "18"],
["Κουανγκτσόου", "19"],
["Ρίο Ντε Τζανέιρο", "20"],
["Λαχόρη", "21"],
["Μπανγκαλόρ", "22"],
["Σεντζέν", "23"],
["Μόσχα", "24"],
["Τσενάι", "25"],
["Μπογκοτά", "26"],
["Παρίσι", "27"],
["Τζακάρτα", "28"],
["Λίμα", "29"],
["Μπανγκόκ", "30"],
["Χαϊντεραμπάντ", "31"],
["Σεούλ", "32"],
["Ναγκόγια", "33"],
["Λονδίνο", "34"],
["Τσενγκτού", "35"],
["Ναντσίνγκ", "36"],
["Τεχεράνη", "37"],
["Χο Τσι Μινχ", "38"],
["Λουάντα", "39"],
["Γουχάν", "40"],
["Σιάν", "41"],
["Αχμενταμπάντ", "42"],
["Κουάλα Λουμπούρ", "43"],
["Νέα Υόρκη", "44"],
["Χανγκτσόου", "45"],
["Σουράτ", "46"],
["Σουτσόυ", "47"],
["Χονγκ Κονγκ", "48"],
["Ριάντ", "49"],
["Σενγιάνγκ", "50"],
["Βαγδάτη", "51"],
["Ντογκουάν", "52"],
["Φοσάν", "53"],
["Νταρ Ες Σαλάμ", "54"],
["Πούνε", "55"],
["Σαντιάγο", "56"],
["Μαδρίτη", "57"],
["Χαρμπίν", "58"],
["Τορόντο", "59"],
["Μπέλο Οριζόντε", "60"],
["Χαρτούμ", "61"],
["Γιοχάνεσμπουργκ", "62"],
["Σιγκαπούρη", "63"],
["Νταλιάν", "64"],
["Τσινγκτάο", "65"],
["Τσεντσόου", "66"],
["Τζινάν", "67"],
["Βαρκελώνη", "68"],
["Αγία Πετρούπολη", "69"],
["Αμπιτζάν", "70"],
["Γιανγκόν", "71"],
["Φουκουόκα", "72"],
["Αλεξάνδρεια", "73"],
["Γκουανταλαχάρα", "74"],
["Άγκυρα", "75"],
["Τσιτταγκόνγκ", "76"],
["Αντίς Αμπέμπα", "77"],
["Μελβούρνη", "78"],
["Ναϊρόμπι", "79"],
["Ανόι", "80"],
["Σίδνεϊ", "81"],
["Μοντερέι", "82"],
["Τσανγκσά", "83"],
["Μπραζίλια", "84"],
["Κέιπ Τάουν", "85"],
["Τζίντα", "85"],
["Ουρούμτσι", "87"],
["Κουνμίνγκ", "88"],
["Τσανγκτσούν", "89"],
["Χεφέι", "90"],
["Σαντού", "91"],
["Σινμπέι", "92"],
["Καμπούλ", "93"],
["Νινγκμπό", "94"],
["Τελ Αβίβ", "95"],
["Γιαουντέ", "96"],
["Ρώμη", "97"],
["Σιχιαζουάνγκ", "98"],
["Μόντρεαλ", "99"],
["Ρεσίφε", "100"],
["Κάνο", "101"],
["Πόρτο Αλέγκρε", "102"],
["Φορταλέζα", "103"],
["Τζαϊπούρ", "104"],
["Νανίνγκ", "105"],
["Μεντεγίν", "106"],
["Ταϊγουάν", "107"],
["Εκουρχουλένι", "108"],
["Λος Άντζελες", "109"],
["Ντουάλα", "110"],
["Κοζικόντε", "111"],
["Σαλβαδόρ", "112"],
["Τσανγκζού", "113"],
["Σιαμέν", "114"],
["Λάκναου", "115"],
["Φουζού Φουτζιάν", "116"],
["Καζαμπλάνκα", "117"],
["Γουενζού", "118"],
["Ναντσάνγκ", "119"],
["Μαλαπουράμ", "120"],
["Κουριτίμπα", "121"],
["Ιμπαντάν", "122"],
["Ανταναναρίβο", "123"],
["Τανγκσάν", "124"],
["Αμπούτζα", "125"],
["Καμπάλα", "126"],
["Κουμάσι", "127"],
["Φαϊζαλαμπάντ", "128"],
["Μπεκάσι", "129"],
["Βερολίνο", "130"],
["Γκουϊγιάνγκ", "131"],
["Μπουσάν", "132"],
["Σάντο Ντομίνγκο", "133"],
["Ασουνσιόν", "134"],
["Καμπίνας", "135"],
["Βούξι", "136"],
["Θρισούρ", "137"],
["Ντακάρ", "138"],
["Πορτ Χαρκούρτ", "139"],
["Μασχάντ", "140"],
["Κότσι", "141"],
["Πουέμπλα", "142"],
["Κουβέιτ", "143"],
["Λανζού", "144"],
["Ιντόρε", "145"],
["Ντουρμπάν", "146"],
["Κανπούρ", "147"],
["Σανάα", "148"],
["Αθήνα", "149"],
["Μιλάνο", "150"],
["Πιονγκγιάνγκ", "151"],
["Γκουαγιακίλ", "152"],
["Σμύρνη", "153"],
["Ουαγκαντούγκου", "154"],
["Λουσάκα", "155"],
["Γουατεμάλα", "156"],
["Κίεβο", "157"],
["Σουραμπάγια", "158"],
["Ναγκπούρ", "159"],
["Λισαβόνα", "160"],
["Τζόνγκσαν", "161"],
["Ντουμπάι", "162"],
["Καράκας", "163"],
["Ντεπόκ", "164"],
["Σιζουόκα", "165"],
["Κοϊμπατόρε", "166"],
["Χαντάν", "167"],
["Πορ ω Πρενς", "168"],
["Χουαϊάν", "169"],
["Αλγέρι", "170"],
["Κάλι", "171"],
["Γουιφάνγκ", "172"],
["Ίντσεον", "173"],
["Μπαμάκο", "174"],
["Γκοϊάνια", "175"],
["Θιρουβανανθαπούραμ", "176"],
["Μάντσεστερ", "177"],
["Μπούτζι Μάγι", "178"],
["Ταϊπέι", "179"],
["Πρετόρια", "180"],
["Ζίμπο", "181"],
["Σάο Τσινγκ", "182"],
["Λουμπούμπασι", "183"],
["Γιαντάι", "184"],
["Χουιζού", "185"],
["Σικάγο", "186"],
["Σαπόρο", "187"],
["Μπέρμιγχαμ", "188"],
["Μπαντούνγκ", "189"],
["Βανκούβερ", "190"],
["Άκρα", "191"],
["Τολούκα", "192"],
["Τασκένδη", "193"],
["Μπραζαβίλ", "194"],
["Λουογιάνγκ", "195"],
["Πάτνα", "196"],
["Μποπάλ", "197"],
["Δαμασκός", "198"],
["Μογκαντίσου", "199"],
["Μπρίσμπεϊν", "200"],
["Τάνγκερανγκ", "201"],
["Σαν Χουάν", "202"],
["Τύνιδα", "203"],
["Βηρυτός", "204"],
["Ναντόνγκ", "205"],
["Μεντάν", "206"],
["Μπακού", "207"],
["Μπελέμ", "208"],
["Γκουζρανβάλα", "209"],
["Πεσαβάρ", "210"],
["Μανάους", "211"],
["Σεντάι", "212"],
["Μαρακαΐμπο", "213"],
["Ραβαλπίντι", "214"],
["Χιούστον", "215"],
["Μπαρρανκίγια", "216"],
["Άγκρα", "217"],
["Χοχότ", "218"],
["Ταογιουάν", "219"],
["Μπαοτού", "220"],
["Καννούρ", "221"],
["Λιουζού", "222"],
["Βιζαχαπατνάμ", "223"],
["Βαντοντάρα", "224"],
["Ξουζού", "225"],
["Τιχουάνα", "226"],
["Εσφαχάν", "227"],
["Πνομ Πεν", "228"],
["Αμμάν", "229"],
["Νταεγκού", "230"],
["Νάπολη", "231"],
["Νασίκ", "232"],
["Βιτζαγιαβάντα", "233"],
["Αβάνα", "234"],
["Βιτόρια", "235"],
["Μέκκα", "236"],
["Βρυξέλλες", "237"],
["Μουλτάν", "238"],
["Χαλέπι", "239"],
["Πουτιάν", "240"],
["Περθ", "241"],
["Γιανγκζού", "242"],
["Χιροσίμα", "243"],
["Μπαόντινγκ", "244"],
["Μπούρσα", "245"],
["Ταϊζού Ζετζιάνγκ", "246"],
["Μινσκ", "247"],
["Κονακρί", "248"],
["Γουχού", "249"],
["Λινγί", "250"],
["Κόλαμ", "251"],
["Ρατζκότ", "252"],
["Χαϊκού", "253"],
["Βιέννη", "254"],
["Βαλένθια", "255"],
["Αλμάτι", "256"],
["Ντακίνγκ", "257"],
["Γιαντσένγκ", "258"],
["Πόλη του Παναμά", "259"],
["Σεμαράνγκ", "260"],
["Λιανιουνγκάνγκ", "261"],
["Ραμπάτ", "262"],
["Μπαϊσάντα Σαντίστα", "263"],
["Κίτο", "264"],
["Χιντεραμπάντ", "265"],
["Λομέ", "266"],
["Λουντιάνα", "267"],
["Ουέστ Γιορκσάιρ", "268"],
["Νταβάο", "269"],
["Λα Παζ", "270"],
["Λεόν", "271"],
["Ζουχάι", "272"],
["Μπενίν Σίτι", "273"],
["Ντατόνγκ", "274"],
["Κουανζού", "275"],
["Άδανα", "276"],
["Μαντουράι", "277"],
["Τορίνο", "278"],
["Μάτολα", "279"],
["Βαρσοβία", "280"],
["Αμβούργο", "281"],
["Καν Θο", "282"],
["Σάρτζα", "283"],
["Βουκουρέστι", "284"],
["Πάλεμπανγκ", "285"],
["Σάντα Κρουζ", "286"],
["Βουδαπέστη", "287"],
["Γκαζιαντέπ", "288"],
["Μοντεβιδέο", "289"],
["Μεερούτ", "290"],
["Ρέιπουρ", "291"],
["Φοίνιξ", "292"],
["Λυών", "293"],
["Τζιανγκμέν", "294"],
["Μοσούλη", "295"],
["Τσίσι Σιξί", "296"],
["Λα Λαγκούνα", "297"],
["Βαρανάσι", "298"],
["Ξιανγκγιάνγκ", "299"],
["Σιράζ", "300"],
["Γλασκώβη", "301"],
["Νοβοσιμπίρσκ", "302"],
["Μπατάμ", "303"],
["Στοκχόλμη", "304"],
["Γιντσουάν", "305"],
["Ανσάν", "306"],
["Τζαμσεντπούρ", "307"],
["Γιτσάνγκ", "308"],
["Σριναγκάρ", "309"],
["Όκλαντ", "310"],
["Τζιλίν", "311"],
["Ουλάν Μπατόρ", "312"],
["Ταμπρίζ", "313"],
["Μακάσαρ", "314"],
["Ορανγκαμπάντ", "315"],
["Τσινχουανγκντάο", "316"],
["Σινίνγκ", "317"],
["Μουσκάτ", "318"],
["Μονρόβια", "319"],
["Μασσαλία", "320"],
["Τιρουπούρ", "321"],
["Χενγκγιάνγκ", "322"],
["Κάλγκαρι", "323"],
["Κιτσιχάερ", "324"],
["Σαν Αντόνιο", "325"],
["Κόρδοβα", "326"],
["Σουκιάν", "327"],
["Κανάνγκα", "328"],
["Καράτζ", "329"],
["Ανγιάνγκ", "330"],
["Φιλαδέλφεια", "331"],
["Ροσάριο", "332"],
["Νταετζόν", "333"],
["Μόναχο", "334"],
["Χουάρες", "335"],
["Χαράρε", "336"],
["Ονίτσα", "337"],
["Τζοντπούρ", "338"],
["Γκαοξιόνγκ", "339"],
["Μεδίνα", "340"],
["Ζινίνγκ", "341"],
["Αμπού Ντάμπι", "342"],
["Ντζαμένα", "343"],
["Τεγκουσιγκάλπα", "344"],
["Γκουάντζου", "345"],
["Γιεκατερίνμπουργκ", "346"],
["Κατμαντού", "347"],
["Έντμοντον", "348"],
["Νατάλ", "349"],
["Σαο Λούις", "350"],
["Ράντσι", "351"],
["Ζανγκτζιάκου", "352"],
["Μανταλέι", "353"],
["Τζαλαπούρ", "354"],
["Χουαϊνάν", "355"],
["Ασανσόλ", "356"],
["Κότα", "357"],
["Τσαοζού", "358"],
["Γκουαλιόρ", "359"],
["Σαν Χοσέ", "360"],
["Αλλαχαμπάντ", "361"],
["Γιγού", "362"],
["Τσον Μπουρί", "363"],
["Νουακσότ", "364"],
["Σαν Ντιέγκο", "365"],
["Αμριτσάρ", "366"],
["Χάρκοβο", "367"],
["Οτάβα", "368"],
["Ζυρίχη", "369"],
["Ταϊζού", "370"],
["Βασόρα", "371"],
["Ζοάο Πεσόα", "372"],
["Γκανζού", "373"],
["Βελιγράδι", "374"],
["Χομς", "375"],
["Ταϊάν Σαντόνγκ", "376"],
["Γουεϊχάι", "377"],
["Κερέταρο", "378"],
["Μομπάσα", "379"],
["Νιαμέι", "380"],
["Ικόνιο", "381"],
["Χάι Φονγκ", "382"],
["Τζιαξίνγκ", "383"],
["Κοπεγχάγη", "384"],
["Κοτσαμπάμπα", "385"],
["Ντάνμπαντ", "386"],
["Κισανγκάνι", "387"],
["Μπουκαραμάνγκα", "388"],
["Καϊφένγκ", "389"],
["Αδελαΐδα", "390"],
["Ταϊζόνγκ", "391"],
["Ριζάο", "392"],
["Μασεϊό", "393"],
["Σουγόν", "394"],
["Ντάλας", "395"],
["Ντονγίνγκ", "396"],
["Ζουνγί", "397"],
["Ζαντζιάνγκ", "398"],
["Σαμούτ Πρακάν", "399"],
["Ναντσόνγκ", "400"],
["Τζόινσβιλ", "401"],
["Κομ", "402"],
["Ελσίνκι", "403"],
["Μιανγιάνγκ", "404"],
["Λιουάν", "405"],
["Πόρτο", "406"],
["Αττάλεια", "407"],
["Σιγιάν", "408"],
["Πράγα", "409"],
["Μπαρέλι", "410"],
["Λιούγιανγκ", "411"],
["Νταμάμ", "412"],
["Fushun Φουσούν", "413"],
["Πουάντ Νουάρ", "414"],
["Γινγκού", "415"],
["Σόφια", "416"],
["Καζάν", "417"],
["Τενγκζού", "418"],
["Πορτ Ελίζαμπεθ", "419"],
["Αλιγκάρ", "420"],
["Αβάζ", "421"],
["Φλοριανόπολις", "422"],
["Τάνγκερ", "423"],
["Φριτάουν", "424"],
["Μαομίνγκ", "425"],
["Πεκανμπάρου", "426"],
["Φες", "427"],
["Μορανταμπάντ", "428"],
["Σουτσόου", "429"],
["Ούγιο", "430"],
["Μαϊσόρ", "431"],
["Δουβλίνο", "432"],
["Σαν Λουίς Ποτοσί", "433"],
["Αστάνα", "434"],
["Νίζνι Νόβγκοροντ", "435"],
["Ρουιάν", "436"],
["Μουάνζα", "437"],
["Ντάργκ", "438"],
["Μπαρκισιμέτο", "439"],
["Τζιεγιάνγκ", "440"],
["Τσελιαμπίνσκ", "441"],
["Ζούζχου", "442"],
["Μπάοζι", "443"],
["Μαρακάι", "444"],
["Μπουμπανεσβάρ", "445"],
["Πινγκντινγκσάν Χενάν", "446"],
["Τσεντσιάνγκ Τζιανγκσού", "447"],
["Τσιφένγκ", "448"],
["Πούνινγκ", "449"],
["Λιλόνγκβε", "450"],
["Τζίνχουα", "451"],
["Μεντόσα", "452"],
["Κιγκάλι", "453"],
["Μπογκόρ", "454"],
["Χουάιμπεϊ", "455"],
["Μέριδα", "456"],
["Τιρουτσιραπάλι", "457"],
["Ισλαμαμπάντ", "458"],
["Τσιάνγκ Μάι", "459"],
["Νανιάνγκ Χενάν", "460"],
["Σιάνγκταν Χουνάν", "461"],
["Μπενξί", "462"],
["Τζινζού", "463"],
["Τσαντιγκάρ", "464"],
["Μπουκαβού", "465"],
["Αμπόμι Καλαβί", "466"],
["Ντά Νανγκ", "467"],
["Λιουπάνσουι", "468"],
["Ομσκ", "469"],
["Ννιούι", "470"],
["Τρίπολη", "471"],
["Γκουιλίν", "472"],
["Άμστερνταμ", "473"],
["Τασικμαλάγια", "474"],
["Χάιφα", "475"],
["Μπινζού", "476"],
["Πιζού", "477"],
["Kέτα", "478"],
["Μεξικάλι", "479"],
["Κρασνογιάρσκ", "480"],
["Χούμπλι Νταργουάντ", "481"],
["Καντούνα", "482"],
["Σαμάρα", "483"],
["Γκαουχάτι", "484"],
["Άμπα", "485"],
["Λουοχέ", "486"],
["Σάλεμ", "487"],
["Αγουασκαλιέντες", "488"],
["Ούφα", "489"],
["Μπουτζουμπούρα", "490"],
["Μαπούτο", "491"],
["Μπαντάρ Λαμπούνγκ", "492"],
["Ροστόφ του Ντον", "493"],
["Κολωνία", "494"],
["Γιούεκινγκ", "495"],
["Σαχαρανπούρ", "496"],
["Σιμκέντ", "497"],
["Γιονγκίν", "498"],
["Σινσιάνγκ", "499"],
["Μπαζόνγκ", "500"],
["Ξιονγκάν", "501"],
["Ζαοζουάνγκ", "502"],
["Σαν Σαλβαδόρ", "503"],
["Κουερναβάκα", "504"],
["Γουένλινγκ", "505"],
["Παντζίν", "506"],
["Τσιουάουα", "507"],
["Τζαλαντάρ", "508"],
["Γκογιάνγκ", "509"],
["Φουγιάνγκ", "510"],
["Ερεβάν", "511"],
["Σιλιγκούρι", "512"],
["Μανάγκουα", "513"],
["Μαανσάν", "514"],
["Μπίσκεκ", "515"],
["Σανγκράο", "516"],
["Τιφλίδα", "517"],
["Χαργκέισα", "518"],
["Καρθαγένη", "519"],
["Ντιγιάρμπακιρ", "520"],
["Περμ", "521"],
["Μπιεν Χόα", "522"],
["Τζάοτσινγκ", "523"],
["Βορονέζ", "524"],
["Μπομπό Ντιούλασο", "525"],
["Λιλ", "526"],
["Τζινγκτσόου", "527"],
["Σαμαρίντα", "528"],
["Όσλο", "529"],
["Κερμανσάχ", "530"],
["Φουτζόου", "531"],
["Τζόχορ Μπαρού", "532"],
["Λεσάν", "533"],
["Σολαπούρ", "534"],
["Τσανγκγουόν", "535"],
["Μερσίνη", "536"],
["Αμβέρσα", "537"],
["Κιρκούκ", "538"],
["Ντετζόου", "539"],
["Τουλούζη", "540"],
["Τσεντσόου", "541"],
["Άντεν", "542"],
["Αρακάου", "543"],
["Χουτσόου", "544"],
["Ικορόντου", "545"],
["Τερεσίνα", "546"],
["Σεκόντι Τακοράντ", "547"],
["Ασμάρα", "548"],
["Γιουεγιάνγκ", "549"],
["Συτσάνγκ", "550"],
["Μαρακές", "551"],
["Ταμπίκο", "552"],
["Ντενπασάρ", "553"],
["Γιτσούν", "554"],
["Όστιν", "555"],
["Τσικάπα", "556"],
["Τσανγκσού", "557"],
["Σαλτίγιο", "558"],
["Παντάνγκ", "559"],
["Ρότερνταμ", "560"],
["Σαν Μιγκέλ ντε Τουκουμάν", "561"],
["Νιάλα", "562"],
["Σεμπού", "563"],
["Τσουτσίνγκ", "564"],
["Οδησσός", "565"],
["Βαράγκαλ", "566"],
["Ακαπούλκο", "567"],
["Σαν Χοσέ", "568"],
["Ιλορίν", "569"],
["Βαλπαραΐσο", "570"],
["Καισάρεια", "571"],
["Κανκούν", "572"],
["Βόλγκογκραντ", "573"],
["Ξιντάι", "574"],
["Λίμπε", "575"],
["Σονγκχλά", "576"],
["Μπορντό", "577"],
["Κρασνοντάρ", "578"],
["Νοντάμπουρι", "579"],
["Γκουιπίνγκ", "580"],
["Τζιξί", "581"],
["Πινγκσιάνγκ", "582"],
["Μορέλια", "583"],
["Ντεχράντουν", "584"],
["Χάμα", "585"],
["Ντουσάνμπε", "586"],
["Λαϊγού", "587"],
["Αγκαντίρ", "588"],
["Τζιοουτζιάνγκ", "589"],
["Ζουτσιένγκ", "590"],
["Φορτ Γουόρθ", "591"],
["Μουνταντζιάνγκ", "592"],
["Τσενγκντέ", "593"],
["Ιερουσαλήμ", "594"],
["Σαν Πέδρο Σούλα", "595"],
["Μισράτα", "596"],
["Κούκουτα", "597"],
["Χούλνα", "598"],
["Γκουαγιάνα Σίτι", "599"],
["Αρεκίπα", "600"],
["Ντνίπρο", "601"],
["Νίκαια", "602"],
["Ογουέρι", "603"],
["Ζαμποάνγκα", "604"],
["Σαουθάμπτον", "605"],
["Γκουιγκάνγκ", "606"],
["Γάρι", "607"],
["Βερακρούζ", "608"],
["Τζος", "609"],
["Ραχσάχι", "610"],
["Σιονγκνάμ", "611"],
["Λεϊγιάνγκ", "612"],
["Τζάκσονβιλ", "613"],
["Πάθουμ Θάνι", "614"],
["Γιανγκτζιάνγκ", "615"],
["Ρεϊνόσα", "616"],
["Μπανγκούι", "617"],
["Νατζάφ", "618"],
["Μπενγκμπού", "619"],
["Τζανγκτζόου", "620"],
["Βιλερμόσα", "621"],
["Σιλέτ", "622"],
["Ναμπούλα", "623"],
["Τιανμέν", "624"],
["Σάρλοτ", "625"],
["Αντιπόλο", "626"],
["Χενγκσουέι", "627"],
["Σινγιού", "628"],
["Λινφέν", "629"],
["Οράν", "630"],
["Κολόμπους", "631"],
["Γουεστ Ραντ", "632"],
["Κάμπο Γκράντε", "633"],
["Λουμπάνγκο", "634"],
["Ντεγιάνγκ", "635"],
["Ουλσάν", "636"],
["Λίβερπουλ", "637"],
["Λοντρίνα", "638"],
["Ταΐζ", "639"],
["Μπέργκαμο", "640"],
["Μαλάνγκ", "641"],
["Τζιανγκιν", "642"],
["Λα Πλάτα", "643"],
["Νταντόνγκ", "644"],
["Κονσεπσιόν", "645"],
["Χερμοσίγιο", "646"],
["Λίλινγκ", "647"],
["Γκουντούρ", "648"],
["Μπαϊσάν", "649"],
["Μπαχαγουαλπούρ", "650"],
["Ντόνετσκ", "651"],
["Ινδιανάπολη", "652"],
["Τρουχίγιο", "653"],
["Τσανγκζί", "654"],
["Μπιγουάντι", "655"],
["Τουμέν", "656"],
["Λιαογιάνγκ", "657"],
["Σαν Φρανσίσκο", "658"],
["Ασγκαμπάτ", "659"],
["Τούξτλα Γκουτιέρρες", "660"],
["Σοσανγκούβε", "661"],
["Αρμπίλ", "662"],
["Ποντιτσέρυ", "663"],
["Τσανγκντέ", "664"],
["Σανγκιού", "665"],
["Κουλιακάν", "666"],
["Φιροζαμπάντ", "667"],
["Σινγκτάι", "668"],
["Μπόγκρα", "669"],
["Ταϊνάν", "670"],
["Φουσίν", "671"],
["Καμπίντα", "672"],
["Χουανσί", "673"],
["Ουμουαχία", "674"],
["Χουφούφ Μουμπαράζ", "675"],
["Λιμπρεβίλ", "676"],
["Παλέρμο", "677"],
["Γιμπίν", "678"],
["Βεγγάζη", "679"],
["Λουτζού", "680"],
["Ίπο", "681"],
["Κόρλα", "682"],
["Σινγκούα", "683"],
["Σάρατοφ", "684"],
["Κεμπέκ", "685"],
["Κεράλα", "686"],
["Βαλένθια", "687"],
["Κουτσόου", "688"],
["Ξινγιάνγκ", "689"],
["Γιονγκτσού", "690"],
["Γουίνιπεγκ", "691"],
["Γιανγκουάν", "692"],
["Σιαογκάν", "693"],
["Μπουτσεόν", "694"],
["Ούρμια", "695"],
["Μαϊντουγκούρι", "696"],
["Ενούγκου", "697"],
["Εσκισεχίρ", "698"],
["Νιούκαστλ", "699"],
["Τζούζι", "700"],
["Χεζέ", "701"],
["Χουάϊχουα", "702"],
["Βαρκελώνη Πουέρτο Λα Κρουζ", "703"],
["Τιανσούι", "704"],
["Θεσσαλονίκη", "705"],
["Μπολόνια", "706"],
["Χαϊτσένγκ", "707"],
["Χουλουντάο", "708"],
["Σοροκάμπα", "709"],
["Μποτζόου", "710"],
["Μπικάνερ", "711"],
["Νότιγχαμ", "712"],
["Νιιγκάτα", "713"],
["Τζαλάπα", "714"],
["Κουνσάν", "715"],
["Λιαοτσένγκ", "716"],
["Νελόρ", "717"],
["Γκέμπτζε", "718"],
["Νακόν Ρατσασίμα", "719"],
["Τζιντσένγκ", "720"],
["Φρανκφούρτη", "721"],
["Ταϊξίνγκ", "722"],
["Λοκότζα", "723"],
["Σιάτλ", "724"],
["Καγκαγιάν Ντε Όρο", "725"],
["Λανγκφάνγκ", "726"],
["Βερέενιγκινγκ", "727"],
["Τσιαοτζουό", "728"],
["Ντασμαρίνας Σίτι", "729"],
["Κοταγιάμ", "730"],
["Αρ Ραϊάν", "731"],
["Σουλεϊμανίγια", "732"],
["Αμράβατι", "733"],
["Ζουμάντιαν", "734"],
["Μπενγκουέλα", "735"],
["Γκορακπούρ", "736"],
["Χάμιλτον", "737"],
["Σαογκουάν", "738"],
["Μέισχαν", "739"],
["Γκαόμι", "740"],
["Χαντσουάν", "741"],
["Κρακοβία", "742"],
["Μπούνια", "743"],
["Ντανγιάνγκ", "744"],
["Μουτζαφαρναγκάρ", "745"],
["Ζανζιβάρη", "746"],
["Ανσάν", "747"],
["Πορτ Σαΐντ", "748"],
["Κουτάκ", "749"],
["Αντσίνγκ", "750"],
["Ντένβερ", "751"],
["Ανκιού", "752"],
["Μπαντζρμάσιν", "753"],
["Καγιαμκουλάμ", "754"],
["Ζιγκόνγκ", "755"],
["Γάζα", "756"],
["Τσινγκγιουέν", "757"],
["Λινχάι", "758"],
["Ορντος", "759"],
["Μπελγκαούμ", "760"],
["Οσόγκμπο", "761"],
["Ζάρια", "762"],
["Μαλεγκάον", "763"],
["Σαογιάνγκ", "764"],
["Μαλάνζε", "765"],
["Ζάρκα", "766"],
["Σαν Χοσέ Ντος Κάμπος", "767"],
["Σέφιλντ", "768"],
["Κουμαμότο", "769"],
["Γιάναν", "770"],
["Ματούριν", "771"],
["Τονγκλιάο", "772"],
["Τζιαμούσι", "773"],
["Γιάντζι", "774"],
["Σιαλκότ", "775"],
["Σαραγόσα", "776"],
["Μπανγκαλόρ", "777"],
["Κίτουε", "778"],
["Τονγκλίνγκ", "779"],
["Γουτσόου", "780"],
["Σουίνινγκ Σιτσουάν", "781"],
["Ριμπεράου Πρέτο", "782"],
["Ζιαν Γιανγκ", "783"],
["Ντενγκτσόου", "784"],
["Ήμπ", "785"],
["Ραστ", "786"],
["Γιουντσένγκ", "787"],
["Τιρουπάτι", "788"],
["Ζαπορίζια", "789"],
["Μάρκα", "790"],
["Νταζόου", "791"],
["Παντζιχούα", "792"],
["Σαργκόντα", "793"],
["Μπάφαλο", "794"],
["Οαχάκα", "795"],
["Τσεονγκού", "796"],
["Μπχάβναγκαρ", "797"],
["Οκαγιάμα", "798"],
["Γιουξί", "799"],
["Μπακούρ", "800"],
["Ναντέντ", "801"],
["Χρυσή Ακτή", "802"],
["Λβιβ", "803"],
["Ντονγκτάι", "804"],
["Ουάσινγκτον", "805"],
["Γιουλίν", "806"],
["Ακούρ", "807"],
["Τζαμού", "808"],
["Λονγκγιάν", "809"],
["Γιουγιάο", "810"],
["Αλ Χουνταϊντά", "811"],
["Μπαλί", "812"],
["Φλωρεντία", "813"],
["Τσανγκτζιαγκάνγκ", "814"],
["Χάγη", "815"],
["Κοτονού", "816"],
["Σάλτα", "817"],
["Γκόμα", "818"],
["Χουάμπο", "819"],
["Βιεντιάν", "820"],
["Κουρνουάλ", "821"],
["Αμάρα", "822"],
["Ταϊτσάνγκ", "823"],
["Ουμπερλάντια", "824"],
["Γκουλμπάργκα", "825"],
["Ταΐφ", "826"],
["Σεβίλλη", "827"],
["Ταμάλ", "828"],
["Μπρίστολ", "829"],
["Μπουράιντα", "830"],
["Σελάγια", "831"],
["Ντούργκαπουρ", "832"],
["Ζουντιάι", "833"],
["Βοστώνη", "834"],
["Τσεονάν", "835"],
["Άνκανγκ", "836"],
["Τολιάτι", "837"],
["Ποντιάνακ", "838"],
["Ναντ", "839"],
["Ζουκού", "840"],
["Πάντοβα", "841"],
["Μανάμα", "842"],
["Ελ Πάσο", "843"],
["Λουντί", "844"],
["Ρενκιού", "845"],
["Μπιτζιέ", "846"],
["Λαττάκεια", "847"],
["Ετζόου", "848"],
["Σοκότο", "849"],
["Ζάγκρεμπ", "850"],
["Νάι Πι Τάου", "851"],
["Λιέγη", "852"],
["Νάσβιλ", "853"],
["Χετσόου", "854"],
["Τονγκσιάνγκ", "855"],
["Σαντιάγο", "856"],
["Σιντσόου", "857"],
["Μαρ ντελ Πλάτα", "858"],
["Στρατηγός Σάντος", "859"],
["Σαμψούντα", "860"],
["Λονγκχάι", "861"],
["Ταμπούκ", "862"],
["Οκλαχόμα Σίτι", "863"],
["Λας Βέγκας", "864"],
["Ντενιζλί", "865"],
["Γένοβα", "866"],
["Πουγιάνγκ", "867"],
["Τσοουσάν", "868"],
["Μιλούο", "869"],
["Μακάο", "870"],
["Πόρτλαντ", "871"],
["Λοτζ", "872"],
["Τζάνσι", "873"],
["Χεράτ", "874"],
["Χαϊμέν", "875"],
["Γεονγού", "876"],
["Σανυά", "877"],
["Νεϊτζιάνγκ", "878"],
["Ερόντ", "879"],
["Ντιτρόιτ", "880"],
["Σουέζ", "881"],
["Μπούστο Αρζίτσιο", "882"],
["Γουχάι", "883"],
["Τζαμναγκάρ", "884"],
["Πατσούκα", "885"],
["Ούβιρα", "886"],
["Τζουμπάίλ", "887"],
["Ντουράνγκο", "888"],
["Τσικλάγιο", "889"],
["Νασιρίγια", "890"],
["Χεγκάνγκ", "891"],
["Ιζέβσκ", "892"],
["Μποκάρο", "893"],
["Ντόχα", "894"],
["Μπερ Σεβά", "895"],
["Μέμφις", "896"],
["Ένσι", "897"],
["Τσονγκτζίν", "898"],
["Τζαμπί", "899"],
["Μπαντάρ Αμπάς", "900"],
["Σιχούι", "901"],
["Μπαουτσί", "902"],
["Ιρκούτσκ", "903"],
["Μπουλαβάγιο", "904"],
["Σαφάκις", "905"],
["Μπισάου", "906"],
["Βρότσλαβ", "907"],
["Ρουρκέλα", "908"],
["Μπαρνάουλ", "909"],
["Βενετία", "910"],
["Χαμπάροφσκ", "911"],
["Μπέλφαστ", "912"],
["Ντίσελντορφ", "913"],
["Άνσουν", "914"],
["Μπακολόντ", "915"],
["Βερόνα", "916"],
["Κολχάπουρ", "917"],
["Στουτγάρδη", "918"],
["Τζιντσόνγκ", "919"],
["Αλ-Άυν", "920"],
["Πατιάλα", "921"],
["Μπιλασπούρ", "922"],
["Αμπακαλίκι", "923"],
["Σάνχε", "924"],
["Γιούλιν", "925"],
["Κούτσινγκ", "926"],
["Χάνζονγκ", "927"],
["Καλαμπάρ", "928"],
["Ατζμέρ", "929"],
["Κομίλα", "930"],
["Ουτζαίν", "931"],
["Σερέγκνο", "932"],
["Χίλα", "933"],
["Γενεύη", "934"],
["Κολόμπο", "935"],
["Σίνμι", "936"],
["Ρίγα", "937"],
["Γκέτεμποργκ", "938"],
["Σαν Χοσέ Ντελ Μόντε", "939"],
["Ουλιανόβσκ", "940"],
["Ζαεντάν", "941"],
["Μπάρι", "942"],
["Μπέγια", "943"],
["Τζινγκτζιάνγκ", "944"],
["Mατούρα", "945"],
["Τσενσί", "946"],
["Μπράιτον", "947"],
["Φεϊρά ντε Σαντάνα", "948"],
["Τλαξκάλα", "949"],
["Σίπινγκ", "950"],
["Λούισβιλ", "951"],
["Αγκαρτάλα", "952"],
["Γιάροσλαβλ", "953"],
["Σίσι", "954"],
["Ιμπχάλ", "955"],
["Φουκίνγκ", "956"],
["Βλαδιβοστόκ", "957"],
["Κρύβιι Ρι", "958"],
["Νταγιέ", "959"],
["Σκόπια", "960"],
["Λίκασι", "961"],
["Τομσκ", "962"],
["Σουοζού", "963"],
["Κουίτο", "964"],
["Σαμαρκάνδη", "965"],
["Σανλιούρφα", "966"],
["Ογκμπομόσο", "967"],
["Μπέιρα", "968"],
["Σανγκλί", "969"],
["Μαχατσκάλα", "970"],
["Σιαντάο", "971"],
["Λειψία", "972"],
["Ντενφένγκ", "973"],
["Καμπίμας", "974"],
["Τσιτάιχε", "975"],
["Σανμενσιά", "976"],
["Τόνγκουα", "977"],
["Ιβαγιέ", "978"],
["Τουτουκούντι", "979"],
["Κουιαμπά", "980"],
["Σινιγι", "981"],
["Μαζάρι Σαρίφ", "982"],
["Κίνγκστον", "983"],
["Σάμουτ Σάκον", "984"],
["Ζάοντονγκ", "985"],
["Γιγιάνγκ", "986"],
["Μάλαγα", "987"],
["Γιτσούν", "988"],
["Ουνταϊπούρ", "989"],
["Χαμαντάν", "990"],
["Τζιμπουτί", "991"],
["Ντονγκγιάνγκ", "992"],
["Μπουακέ", "993"],
["Ντόρτμουντ", "994"],
["Ζαογιάνγκ", "995"],
["Βελόρε", "996"],
["Τζαλγκαόν", "997"],
["Αρνταμπίλ", "998"],
["Μπλουμφοντέιν", "999"],
["Χέμπι", "1000"],
["Γκάγια", "1001"],
["Μιλγουόκι", "1002"],
["Κατάνια", "1003"],
["Χουίζ ντε Φόρα", "1004"],
["Καγκοσίμα", "1005"],
["Δρέσδη", "1006"],
["Γιαζντ", "1007"],
["Τζιαοζού", "1008"],
["Γκαοζού", "1009"],
["Τουλόν", "1010"],
["Ουντόν Θάνι", "1011"],
["Τρουνέλβελι", "1012"],
["Ουίγκε", "1013"],
["Ούτζα", "1014"],
["Περέιρα", "1015"],
["Έσσεν", "1016"],
["Ματαμόρος", "1017"],
["Κίτσενερ", "1018"],
["Ίμους", "1019"],
["Τσανγκτσόου", "1020"],
["Πόζα Ρίκα Ντε Χιντάλγκο", "1021"],
["Σάντα Φε", "1022"],
["Καρμπάλα", "1023"],
["Γουινάν", "1024"],
["Κότα Κιναμπαλού", "1025"],
["Ελ Μανσούρα", "1026"],
["Γκουανγκιουάν", "1027"],
["Μπαμέντα", "1028"],
["Πάνιπατ", "1029"],
["Καχραμανμάρας", "1030"],
["Ντόλα", "1031"],
["Φέιτσενγκ", "1032"],
["Τεπίκ", "1033"],
["Όρενμπουργκ", "1034"],
["Μεκνές", "1035"],
["Κεμέροβο", "1036"],
["Αράκ", "1037"],
["Βρέμη", "1038"],
["Γκόμελ", "1039"],
["Βαλτιμόρη", "1040"],
["Τονγκτσουάν", "1041"],
["Σακάρια", "1042"],
["Βασιλεία", "1043"],
["Αλ Μουκάλα", "1044"],
["Μεκέλε", "1045"],
["Τσιάνγκ Ράι", "1046"],
["Λαρκάνα", "1047"],
["Χαμίς Μουσχάιτ", "1048"],
["Μπασιλάν", "1049"],
["Αλμπουκέρκη", "1050"],
["Οσούρ", "1051"],
["Ανγιάνγκ", "1052"],
["Βιλιαβισένσιο", "1053"],
["Ρουπγκάντζ", "1054"],
["Λέστερ", "1055"],
["Σουγκουάνγκ", "1056"],
["Ιρμπίντ", "1057"],
["Βαγιεντουπάρ", "1058"],
["Ραχανμουντρί", "1059"],
["Γιονγκκάνγκ", "1060"],
["Ουτρέχτη", "1061"],
["Τουσόν", "1062"],
["Σουκούρ", "1063"],
["Χάινινγκ", "1064"],
["Αμπεκούτα", "1065"],
["Γιάνσι", "1066"],
["Τσαογιάνγκ", "1067"],
["Ράστενμπεργκ", "1068"],
["Ταϊσάν", "1069"],
["Καλάμπα", "1070"],
["Αμπόν", "1071"],
["Ντιβανίγια", "1072"],
["Ράγιονγκ", "1073"],
["Τσουτζόου", "1074"],
["Γκόμπε", "1075"],
["Τσινγκζού", "1076"],
["Τσανγκνίνγκ", "1077"],
["Λονγκού", "1078"],
["Τζέλφα", "1079"],
["Άντζελες", "1080"],
["Λουμ", "1081"],
["Νοβοκουζνέτσκ", "1082"],
["Μέσα", "1083"],
["Εδιμβούργο", "1084"],
["Πινγκντού", "1085"],
["Νταλί", "1086"],
["Κεμάν", "1087"],
["Κικγουίτ", "1088"],
["Μπελάρι", "1089"],
["Σαν Χουάν", "1090"],
["Μπουντά", "1091"],
["Αλ Ράκα", "1092"],
["Μπερμπέρα", "1093"],
["Γκαογιού", "1094"],
["Πορτ Οφ Σπέιν", "1095"],
["Σεϊκουπούρα", "1096"],
["Ναμανγκάν", "1097"],
["Χάμχουνγκ", "1098"],
["Γκονγκί", "1099"],
["Πουέρτο Βαγιάρτα", "1100"],
["Μπαλασίκα", "1101"],
["Ζάιντερ", "1102"],
["Βαν", "1103"],
["Χεγιουέν", "1104"],
["Βίλνιους", "1105"],
["Λαΐσι", "1106"],
["Ραζάν", "1107"],
["Σάντα Μάρτα", "1108"],
["Φρέσνο", "1109"],
["Σιζουισάν", "1110"],
["Πητερμάριτζμπουργκ", "1111"],
["Τσουξιόνγκ", "1112"],
["Τσανγκέ", "1113"],
["Σινγκίνγ", "1114"],
["Ανόβερο", "1115"],
["Σανγκιού", "1116"],
["Σουρακάρτα", "1117"],
["Καμπίντα", "1118"],
["Ναμπερέζνι Τσέλνι", "1119"],
["Αστραχάν", "1120"],
["Κουαούτλα", "1121"],
["Γκρενόμπλ", "1122"],
["Ατλάντα", "1123"],
["Νακόν Πατόμ", "1124"],
["Κακινάδα", "1125"],
["Καλάσιν", "1126"],
["Σακραμέντο", "1127"],
["Πόρτο Βέλιο", "1128"],
["Αλ Μαχαλά Αλ Κούμπρα", "1129"],
["Νταβάνγκερε", "1130"],
["Τσιαντζιάνγκ", "1131"],
["Βάλε Ντο Άκο", "1132"],
["Μουζαφαρπούρ", "1133"],
["Ζιγιάνγκ", "1134"],
["Ματαράμ", "1135"],
["Αρ Ρουσάιφα", "1136"],
["Κανταχάρ", "1137"],
["Τσανγκί", "1138"],
["Σονγκιουάν", "1139"],
["Πόζναν", "1140"],
["Κουαντάν", "1141"],
["Εσλαμσάχρ", "1142"],
["Ντούισμπουργκ", "1143"],
["Γκουανγκ Αν", "1144"],
["Πένζα", "1145"],
["Τζιντζιάνγκ", "1146"],
["Ουτσουνομίγια", "1147"],
["Μπεκουσαράι", "1148"],
["Αρούσα", "1149"],
["Κίροφ", "1150"],
["Μπάρισαλ", "1151"],
["Άντο Εκίτι", "1152"],
["Κόν Καέν", "1153"],
["Πούρνια", "1154"],
["Τάντα", "1155"],
["Λονδίνο Καναδά", "1156"],
["Τζιανιάνγκ", "1157"],
["Μπόρνμουθ", "1158"],
["Κισμάγιο", "1159"],
["Σουανγκγιασάν", "1160"],
["Νυρεμβέργη", "1161"],
["Μαλάτεια", "1162"],
["Τσεμποξάρι", "1163"],
["Τίρανα", "1164"],
["Κολγουέζι", "1165"],
["Νανπίνγκ", "1166"],
["Ελ Ομπέιντ", "1167"],
["Τσινγκμέν", "1168"],
["Σουράτ Τανί", "1169"],
["Μούρθια", "1170"],
["Ουμπόν Ρατσατάνι", "1171"],
["Ματσουγιάμα", "1172"],
["Γιονγκτσένγκ", "1173"],
["Καραγάντα", "1174"],
["Ζονγκσιάνγκ", "1175"],
["Κάνσας Σίτι", "1176"],
["Κατσίνα", "1177"],
["Λίπεκ", "1178"],
["Πορτ Σουδάν", "1180"],
["Μακαπά", "1181"],
["Τσαοχού", "1182"],
["Λα Σερένα", "1183"],
["Ζουάνγκε", "1184"],
["Λατούρ", "1185"],
["Λανς", "1186"],
["Συαντσένγκ", "1187"]
]
