[
["Tokyo", "0"],
["Delhi", "1"],
["Shanghai", "2"],
["Dhaka", "3"],
["Sao Paulo", "4"],
["Mexico City", "5"],
["Cairo", "6"],
["Beijing", "7"],
["Mumbai", "8"],
["Osaka", "9"],
["Chongqing", "10"],
["Karachi", "11"],
["Istanbul", "12"],
["Kinshasa", "13"],
["Lagos", "14"],
["Buenos Aires", "15"],
["Kolkata", "16"],
["Manila", "17"],
["Tianjin", "18"],
["Guangzhou", "19"],
["Rio de Janeiro", "20"],
["Lahore", "21"],
["Bangalore", "22"],
["Shenzhen", "23"],
["Moscow", "24"],
["Chennai", "25"],
["Bogota", "26"],
["Paris", "27"],
["Jakarta", "28"],
["Lima", "29"],
["Bangkok", "30"],
["Hyderabad", "31"],
["Seoul", "32"],
["Nagoya", "33"],
["London", "34"],
["Chengdu", "35"],
["Nanjing", "36"],
["Tehran", "37"],
["Ho Chi Minh City", "38"],
["Luanda", "39"],
["Wuhan", "40"],
["Xi-an Shaanxi", "41"],
["Ahmedabad", "42"],
["Kuala Lumpur", "43"],
["New York City", "44"],
["Hangzhou", "45"],
["Surat", "46"],
["Suzhou", "47"],
["Hong Kong", "48"],
["Riyadh", "49"],
["Shenyang", "50"],
["Baghdad", "51"],
["Dongguan", "52"],
["Foshan", "53"],
["Dar es Salaam", "54"],
["Pune", "55"],
["Santiago", "56"],
["Madrid", "57"],
["Haerbin", "58"],
["Toronto", "59"],
["Belo Horizonte", "60"],
["Khartoum", "61"],
["Johannesburg", "62"],
["Singapore", "63"],
["Dalian", "64"],
["Qingdao", "65"],
["Zhengzhou", "66"],
["Ji-nan Shandong", "67"],
["Barcelona", "68"],
["Saint Petersburg", "69"],
["Abidjan", "70"],
["Yangon", "71"],
["Fukuoka", "72"],
["Alexandria", "73"],
["Guadalajara", "74"],
["Ankara", "75"],
["Chittagong", "76"],
["Addis Ababa", "77"],
["Melbourne", "78"],
["Nairobi", "79"],
["Hanoi", "80"],
["Sydney", "81"],
["Monterrey", "82"],
["Changsha", "83"],
["Brasilia", "84"],
["Cape Town", "85"],
["Jiddah", "86"],
["Urumqi", "87"],
["Kunming", "88"],
["Changchun", "89"],
["Hefei", "90"],
["Shantou", "91"],
["Xinbei", "92"],
["Kabul", "93"],
["Ningbo", "94"],
["Tel Aviv", "95"],
["Yaounde", "96"],
["Rome", "97"],
["Shijiazhuang", "98"],
["Montreal", "99"],
["Recife", "100"],
["Kano", "101"],
["Porto Alegre", "102"],
["Fortaleza", "103"],
["Jaipur", "104"],
["Nanning", "105"],
["Medellin", "106"],
["Taiyuan Shanxi", "107"],
["Ekurhuleni", "108"],
["Los Angeles", "109"],
["Douala", "110"],
["Kozhikode", "111"],
["Salvador", "112"],
["Changzhou", "113"],
["Xiamen", "114"],
["Lucknow", "115"],
["Fuzhou Fujian", "116"],
["Casablanca", "117"],
["Wenzhou", "118"],
["Nanchang", "119"],
["Malappuram", "120"],
["Curitiba", "121"],
["Ibadan", "122"],
["Antananarivo", "123"],
["Tangshan Hebei", "124"],
["Abuja", "125"],
["Kampala", "126"],
["Kumasi", "127"],
["Faisalabad", "128"],
["Bekasi", "129"],
["Berlin", "130"],
["Guiyang", "131"],
["Busan", "132"],
["Santo Domingo", "133"],
["Asuncion", "134"],
["Campinas", "135"],
["Wuxi", "136"],
["Thrissur", "137"],
["Dakar", "138"],
["Port Harcourt", "139"],
["Mashhad", "140"],
["Kochi", "141"],
["Puebla", "142"],
["Kuwait City", "143"],
["Lanzhou", "144"],
["Indore", "145"],
["Durban", "146"],
["Kanpur", "147"],
["Sanaa", "148"],
["Athens", "149"],
["Milan", "150"],
["Pyongyang", "151"],
["Guayaquil", "152"],
["Izmir", "153"],
["Ouagadougou", "154"],
["Lusaka", "155"],
["Guatemala City", "156"],
["Kiev", "157"],
["Surabaya", "158"],
["Nagpur", "159"],
["Lisbon", "160"],
["Zhongshan", "161"],
["Dubai", "162"],
["Caracas", "163"],
["Depok", "164"],
["Shizuoka", "165"],
["Coimbatore", "166"],
["Handan", "167"],
["Port-au-Prince", "168"],
["Huaian", "169"],
["Algiers", "170"],
["Cali", "171"],
["Weifang", "172"],
["Incheon", "173"],
["Bamako", "174"],
["Goiania", "175"],
["Thiruvananthapuram", "176"],
["Manchester", "177"],
["Mbuji-Mayi", "178"],
["Taipei", "179"],
["Pretoria", "180"],
["Zibo", "181"],
["Shaoxing", "182"],
["Lubumbashi", "183"],
["Yantai", "184"],
["Huizhou", "185"],
["Chicago", "186"],
["Sapporo", "187"],
["Birmingham", "188"],
["Bandung", "189"],
["Vancouver", "190"],
["Accra", "191"],
["Toluca de Lerdo", "192"],
["Tashkent", "193"],
["Brazzaville", "194"],
["Luoyang", "195"],
["Patna", "196"],
["Bhopal", "197"],
["Damascus", "198"],
["Mogadishu", "199"],
["Brisbane", "200"],
["Tangerang", "201"],
["San Juan", "202"],
["Tunis", "203"],
["Beirut", "204"],
["Nantong", "205"],
["Medan", "206"],
["Baku", "207"],
["Belem", "208"],
["Gujranwala", "209"],
["Peshawar", "210"],
["Manaus", "211"],
["Sendai", "212"],
["Maracaibo", "213"],
["Rawalpindi", "214"],
["Houston", "215"],
["Barranquilla", "216"],
["Agra", "217"],
["Hohhot", "218"],
["Taoyuan", "219"],
["Baotou", "220"],
["Kannur", "221"],
["Liuzhou", "222"],
["Visakhapatnam", "223"],
["Vadodara", "224"],
["Xuzhou", "225"],
["Tijuana", "226"],
["Esfahan", "227"],
["Phnom Penh", "228"],
["Amman", "229"],
["Daegu", "230"],
["Naples", "231"],
["Nashik", "232"],
["Vijayawada", "233"],
["Havana", "234"],
["Grande Vitoria", "235"],
["Mecca", "236"],
["Brussels", "237"],
["Multan", "238"],
["Aleppo", "239"],
["Putian", "240"],
["Perth", "241"],
["Yangzhou", "242"],
["Hiroshima", "243"],
["Baoding", "244"],
["Bursa", "245"],
["Taizhou Zhejiang", "246"],
["Minsk", "247"],
["Conakry", "248"],
["Wuhu Anhui", "249"],
["Linyi Shandong", "250"],
["Kollam", "251"],
["Rajkot", "252"],
["Haikou", "253"],
["Vienna", "254"],
["Valencia", "255"],
["Almaty", "256"],
["Daqing", "257"],
["Yancheng Jiangsu", "258"],
["Panama City", "259"],
["Semarang", "260"],
["Lianyungang", "261"],
["Rabat", "262"],
["Baixada Santista", "263"],
["Quito", "264"],
["Hyderabad", "265"],
["Lome", "266"],
["Ludhiana", "267"],
["West Yorkshire", "268"],
["Davao City", "269"],
["La Paz", "270"],
["Leon de los Aldamas", "271"],
["Zhuhai", "272"],
["Benin City", "273"],
["Datong", "274"],
["Quanzhou", "275"],
["Adana", "276"],
["Madurai", "277"],
["Turin", "278"],
["Matola", "279"],
["Warsaw", "280"],
["Hamburg", "281"],
["Can Tho", "282"],
["Sharjah", "283"],
["Bucharest", "284"],
["Palembang", "285"],
["Santa Cruz", "286"],
["Budapest", "287"],
["Gaziantep", "288"],
["Montevideo", "289"],
["Meerut", "290"],
["Raipur", "291"],
["Phoenix", "292"],
["Lyon", "293"],
["Jiangmen", "294"],
["Mosul", "295"],
["Cixi", "296"],
["La Laguna", "297"],
["Varanasi", "298"],
["Xiangyang", "299"],
["Shiraz", "300"],
["Glasgow", "301"],
["Novosibirsk", "302"],
["Batam", "303"],
["Stockholm", "304"],
["Yinchuan", "305"],
["Anshan", "306"],
["Jamshedpur", "307"],
["Yichang", "308"],
["Srinagar", "309"],
["Auckland", "310"],
["Jilin", "311"],
["Ulaanbaatar", "312"],
["Tabriz", "313"],
["Makassar", "314"],
["Aurangabad", "315"],
["Qinhuangdao", "316"],
["Xining", "317"],
["Muscat", "318"],
["Monrovia", "319"],
["Marseille", "320"],
["Tiruppur", "321"],
["Hengyang", "322"],
["Calgary", "323"],
["Qiqihaer", "324"],
["San Antonio", "325"],
["Cordoba", "326"],
["Suqian", "327"],
["Kananga", "328"],
["Karaj", "329"],
["Anyang", "330"],
["Philadelphia", "331"],
["Rosario", "332"],
["Daejon", "333"],
["Munich", "334"],
["Ciudad Juarez", "335"],
["Harare", "336"],
["Onitsha", "337"],
["Jodhpur", "338"],
["Gaoxiong", "339"],
["Medina", "340"],
["Jining Shandong", "341"],
["Abu Dhabi", "342"],
["N-Djamena", "343"],
["Tegucigalpa", "344"],
["Gwangju", "345"],
["Yekaterinburg", "346"],
["Kathmandu", "347"],
["Edmonton", "348"],
["Natal", "349"],
["Grande Sao Luis", "350"],
["Ranchi", "351"],
["Zhangjiakou", "352"],
["Mandalay", "353"],
["Jabalpur", "354"],
["Huainan", "355"],
["Asansol", "356"],
["Kota", "357"],
["Chaozhou", "358"],
["Gwalior", "359"],
["San Jose", "360"],
["Allahabad", "361"],
["Yiwu", "362"],
["Chon Buri", "363"],
["Nouakchott", "364"],
["San Diego", "365"],
["Amritsar", "366"],
["Kharkiv", "367"],
["Ottawa", "368"],
["Zurich", "369"],
["Taizhou Jiangsu", "370"],
["Basra", "371"],
["Joao Pessoa", "372"],
["Ganzhou", "373"],
["Belgrade", "374"],
["Homs", "375"],
["Taian Shandong", "376"],
["Weihai", "377"],
["Queretaro", "378"],
["Mombasa", "379"],
["Niamey", "380"],
["Konya", "381"],
["Hai Phong", "382"],
["Jiaxing", "383"],
["Copenhagen", "384"],
["Cochabamba", "385"],
["Dhanbad", "386"],
["Kisangani", "387"],
["Bucaramanga", "388"],
["Kaifeng", "389"],
["Adelaide", "390"],
["Taizhong", "391"],
["Rizhao", "392"],
["Maceio", "393"],
["Suweon", "394"],
["Dallas", "395"],
["Dongying", "396"],
["Zunyi", "397"],
["Zhanjiang", "398"],
["Samut Prakan", "399"],
["Nanchong", "400"],
["Joinville", "401"],
["Qom", "402"],
["Helsinki", "403"],
["Mianyang Sichuan", "404"],
["Liuan", "405"],
["Porto", "406"],
["Antalya", "407"],
["Shiyan", "408"],
["Prague", "409"],
["Bareilly", "410"],
["Liuyang", "411"],
["Ad-Dammam", "412"],
["Fushun Liaoning", "413"],
["Pointe-Noire", "414"],
["Yingkou", "415"],
["Sofia", "416"],
["Kazan", "417"],
["Tengzhou", "418"],
["Port Elizabeth", "419"],
["Aligarh", "420"],
["Ahvaz", "421"],
["Florianopolis", "422"],
["Tanger", "423"],
["Freetown", "424"],
["Maoming", "425"],
["Pekan Baru", "426"],
["Fes", "427"],
["Moradabad", "428"],
["Suzhou", "429"],
["Uyo", "430"],
["Mysore", "431"],
["Dublin", "432"],
["San Luis Potosi", "433"],
["Astana", "434"],
["Nizhniy Novgorod", "435"],
["Ruian", "436"],
["Mwanza", "437"],
["Durg-Bhilainagar", "438"],
["Barquisimeto", "439"],
["Jieyang", "440"],
["Chelyabinsk", "441"],
["Zhuzhou", "442"],
["Baoji", "443"],
["Maracay", "444"],
["Bhubaneswar", "445"],
["Pingdingshan Henan", "446"],
["Zhenjiang Jiangsu", "447"],
["Chifeng", "448"],
["Puning", "449"],
["Lilongwe", "450"],
["Jinhua", "451"],
["Mendoza", "452"],
["Kigali", "453"],
["Bogor", "454"],
["Huaibei", "455"],
["Merida", "456"],
["Tiruchirappalli", "457"],
["Islamabad", "458"],
["Chiang Mai", "459"],
["Nanyang Henan", "460"],
["Xiangtan Hunan", "461"],
["Benxi", "462"],
["Jinzhou", "463"],
["Chandigarh", "464"],
["Bukavu", "465"],
["Abomey-Calavi", "466"],
["Da Nang", "467"],
["Liupanshui", "468"],
["Omsk", "469"],
["Nnewi", "470"],
["Tripoli", "471"],
["Guilin", "472"],
["Amsterdam", "473"],
["Tasikmalaya", "474"],
["Haifa", "475"],
["Binzhou", "476"],
["Pizhou", "477"],
["Quetta", "478"],
["Mexicali", "479"],
["Krasnoyarsk", "480"],
["Hubli-Dharwad", "481"],
["Kaduna", "482"],
["Samara", "483"],
["Guwahati", "484"],
["Aba", "485"],
["Luohe", "486"],
["Salem", "487"],
["Aguascalientes", "488"],
["Ufa", "489"],
["Bujumbura", "490"],
["Maputo", "491"],
["Bandar Lampung", "492"],
["Rostov-on-Don", "493"],
["Cologne", "494"],
["Yueqing", "495"],
["Saharanpur", "496"],
["Shimkent", "497"],
["Yongin", "498"],
["Xinxiang", "499"],
["Bazhong", "500"],
["Xiongan", "501"],
["Zaozhuang", "502"],
["San Salvador", "503"],
["Cuernavaca", "504"],
["Wenling", "505"],
["Panjin", "506"],
["Chihuahua", "507"],
["Jalandhar", "508"],
["Goyang", "509"],
["Fuyang", "510"],
["Yerevan", "511"],
["Siliguri", "512"],
["Managua", "513"],
["Ma'anshan", "514"],
["Bishkek", "515"],
["Shangrao", "516"],
["Tbilisi", "517"],
["Hargeysa", "518"],
["Cartagena", "519"],
["Diyarbakir", "520"],
["Perm", "521"],
["Bien Hoa", "522"],
["Zhaoqing", "523"],
["Voronezh", "524"],
["Bobo-Dioulasso", "525"],
["Lille", "526"],
["Jingzhou Hubei", "527"],
["Samarinda", "528"],
["Oslo", "529"],
["Kermanshah", "530"],
["Fuzhou Jiangxi", "531"],
["Johor Bahru", "532"],
["Leshan", "533"],
["Solapur", "534"],
["Changwon", "535"],
["Mersin", "536"],
["Antwerp", "537"],
["Kirkuk", "538"],
["Dezhou", "539"],
["Toulouse", "540"],
["Chenzhou", "541"],
["Aden", "542"],
["Aracaju", "543"],
["Huzhou", "544"],
["Ikorodu", "545"],
["Teresina", "546"],
["Sekondi Takoradi", "547"],
["Asmara", "548"],
["Yueyang", "549"],
["Xuchang", "550"],
["Marrakech", "551"],
["Tampico", "552"],
["Denpasar", "553"],
["Yichun Jiangxi", "554"],
["Austin", "555"],
["Tshikapa", "556"],
["Changshu", "557"],
["Saltillo", "558"],
["Padang", "559"],
["Rotterdam", "560"],
["San Miguel de Tucuman", "561"],
["Nyala", "562"],
["Cebu City", "563"],
["Qujing", "564"],
["Odesa", "565"],
["Warangal", "566"],
["Acapulco de Juarez", "567"],
["San Jose", "568"],
["Ilorin", "569"],
["Valparaiso", "570"],
["Kayseri", "571"],
["Cancun", "572"],
["Volgograd", "573"],
["Xintai", "574"],
["Blantyre-Limbe", "575"],
["Songkhla", "576"],
["Bordeaux", "577"],
["Krasnodar", "578"],
["Nonthaburi", "579"],
["Guiping", "580"],
["Jixi Heilongjiang", "581"],
["Pingxiang Jiangxi", "582"],
["Morelia", "583"],
["Dehradun", "584"],
["Hamah", "585"],
["Dushanbe", "586"],
["Laiwu", "587"],
["Agadir", "588"],
["Jiujiang", "589"],
["Zhucheng", "590"],
["Fort Worth", "591"],
["Mudanjiang", "592"],
["Chengde", "593"],
["Jerusalem", "594"],
["San Pedro Sula", "595"],
["Misratah", "596"],
["Cucuta", "597"],
["Khulna", "598"],
["Ciudad Guayana", "599"],
["Arequipa", "600"],
["Dnipro", "601"],
["Nice", "602"],
["Owerri", "603"],
["Zamboanga City", "604"],
["Southampton", "605"],
["Guigang", "606"],
["Warri", "607"],
["Veracruz", "608"],
["Jos", "609"],
["Rajshahi", "610"],
["Seongnam", "611"],
["Leiyang", "612"],
["Jacksonville", "613"],
["Pathum Thani", "614"],
["Yangjiang", "615"],
["Reynosa", "616"],
["Bangui", "617"],
["Najaf", "618"],
["Bengbu", "619"],
["Zhangzhou", "620"],
["Villahermosa", "621"],
["Sylhet", "622"],
["Nampula", "623"],
["Tianmen", "624"],
["Charlotte", "625"],
["Antipolo", "626"],
["Hengshui", "627"],
["Xinyu", "628"],
["Linfen", "629"],
["Oran", "630"],
["Columbus", "631"],
["West Rand", "632"],
["Campo Grande", "633"],
["Lubango", "634"],
["Deyang", "635"],
["Ulsan", "636"],
["Liverpool", "637"],
["Londrina", "638"],
["Taiz", "639"],
["Bergamo", "640"],
["Malang", "641"],
["Jiangyin", "642"],
["La Plata", "643"],
["Dandong", "644"],
["Concepcion", "645"],
["Hermosillo", "646"],
["Liling", "647"],
["Guntur", "648"],
["Baishan", "649"],
["Bahawalpur", "650"],
["Donetsk", "651"],
["Indianapolis", "652"],
["Trujillo", "653"],
["Changzhi", "654"],
["Bhiwandi", "655"],
["Tyumen", "656"],
["Liaoyang", "657"],
["San Francisco", "658"],
["Ashgabat", "659"],
["Tuxtla Gutierrez", "660"],
["Soshanguve", "661"],
["Erbil", "662"],
["Puducherry", "663"],
["Changde", "664"],
["Shangqiu", "665"],
["Culiacan", "666"],
["Firozabad", "667"],
["Xingtai", "668"],
["Bogra", "669"],
["Tainan", "670"],
["Fuxin", "671"],
["Cabinda", "672"],
["Huangshi", "673"],
["Umuahia", "674"],
["Hufuf-Mubarraz", "675"],
["Libreville", "676"],
["Palermo", "677"],
["Yibin", "678"],
["Banghazi", "679"],
["Luzhou", "680"],
["Ipoh", "681"],
["Kuerle", "682"],
["Xinghua", "683"],
["Saratov", "684"],
["Quebec City", "685"],
["Cherthala", "686"],
["Valencia", "687"],
["Quzhou", "688"],
["Xinyang", "689"],
["Yongzhou", "690"],
["Winnipeg", "691"],
["Yangquan", "692"],
["Xiaogan", "693"],
["Bucheon", "694"],
["Orumiyeh", "695"],
["Maiduguri", "696"],
["Enugu", "697"],
["Eskisehir", "698"],
["Newcastle upon Tyne", "699"],
["Zhuji", "700"],
["Heze", "701"],
["Huaihua", "702"],
["Barcelona-Puerto La Cruz", "703"],
["Tianshui", "704"],
["Thessaloniki", "705"],
["Bologna", "706"],
["Haicheng", "707"],
["Huludao", "708"],
["Sorocaba", "709"],
["Bozhou", "710"],
["Bikaner", "711"],
["Nottingham", "712"],
["Niigata", "713"],
["Xalapa", "714"],
["Kunshan", "715"],
["Liaocheng", "716"],
["Nellore", "717"],
["Gebze", "718"],
["Nakhon Ratchasima", "719"],
["Jincheng", "720"],
["Frankfurt", "721"],
["Taixing", "722"],
["Lokoja", "723"],
["Seattle", "724"],
["Cagayan de Oro City", "725"],
["Langfang", "726"],
["Vereeniging", "727"],
["Jiaozuo", "728"],
["Dasmarinas", "729"],
["Kottayam", "730"],
["Ar-Rayyan", "731"],
["Sulaimaniya", "732"],
["Amravati", "733"],
["Zhumadian", "734"],
["Benguela", "735"],
["Gorakhpur", "736"],
["Hamilton", "737"],
["Shaoguan", "738"],
["Meishan", "739"],
["Gaomi", "740"],
["Hanchuan", "741"],
["Krakow", "742"],
["Bunia", "743"],
["Danyang", "744"],
["Muzaffarnagar", "745"],
["Zanzibar", "746"],
["Ansan", "747"],
["Bur Sa'id", "748"],
["Cuttack", "749"],
["Anqing", "750"],
["Denver", "751"],
["Anqiu", "752"],
["Banjarmasin", "753"],
["Kayamkulam", "754"],
["Zigong", "755"],
["Gaza", "756"],
["Qingyuan", "757"],
["Linhai", "758"],
["Erduosi-Ordoss", "759"],
["Belgaum", "760"],
["Oshogbo", "761"],
["Zaria", "762"],
["Malegaon", "763"],
["Shaoyang", "764"],
["Malanje", "765"],
["Zarqa", "766"],
["Sao Jose dos Campos", "767"],
["Sheffield", "768"],
["Kumamoto", "769"],
["Yan'an", "770"],
["Maturin", "771"],
["Tongliao", "772"],
["Jiamusi", "773"],
["Yanji", "774"],
["Zaragoza", "775"],
["Sialkot", "776"],
["Mangalore", "777"],
["Kitwe", "778"],
["Tongling", "779"],
["Wuzhou", "780"],
["Suining Sichuan", "781"],
["Ribeirao Preto", "782"],
["Xianyang Shaanxi", "783"],
["Dengzhou", "784"],
["Ibb", "785"],
["Rasht", "786"],
["Yuncheng", "787"],
["Tirupati", "788"],
["Zaporizhzhya", "789"],
["Merca", "790"],
["Dazhou", "791"],
["Panzhihua", "792"],
["Sargodha", "793"],
["Buffalo City", "794"],
["Oaxaca de Juarez", "795"],
["Cheongju", "796"],
["Bhavnagar", "797"],
["Okayama", "798"],
["Yuxi", "799"],
["Bacoor", "800"],
["Nanded Waghala", "801"],
["Gold Coast", "802"],
["Lviv", "803"],
["Dongtai", "804"],
["Washington", "805"],
["Yulin Shaanxi", "806"],
["Akure", "807"],
["Jammu", "808"],
["Longyan", "809"],
["Yuyao", "810"],
["Al-Hudaydah", "811"],
["Bali", "812"],
["Florence", "813"],
["Zhangjiagang", "814"],
["The Hague", "815"],
["Cotonou", "816"],
["Salta", "817"],
["Goma", "818"],
["Huambo", "819"],
["Vientiane", "820"],
["Kurnool", "821"],
["Amara", "822"],
["Taicang", "823"],
["Uberlandia", "824"],
["Gulbarga", "825"],
["Taif", "826"],
["Seville", "827"],
["Tamale", "828"],
["Bristol", "829"],
["Buraydah", "830"],
["Celaya", "831"],
["Durgapur", "832"],
["Jundiai", "833"],
["Boston", "834"],
["Cheonan", "835"],
["Ankang", "836"],
["Tolyatti", "837"],
["Pontianak", "838"],
["Nantes", "839"],
["Zhoukou", "840"],
["Padova", "841"],
["Manama", "842"],
["El Paso", "843"],
["Loudi", "844"],
["Renqiu", "845"],
["Bijie", "846"],
["Lattakia", "847"],
["Ezhou", "848"],
["Sokoto", "849"],
["Zagreb", "850"],
["Nay Pyi Taw", "851"],
["Liege", "852"],
["Nashville", "853"],
["Hezhou", "854"],
["Tongxiang", "855"],
["Santiago", "856"],
["Qinzhou", "857"],
["Mar Del Plata", "858"],
["General Santos City", "859"],
["Samsun", "860"],
["Longhai", "861"],
["Tabuk", "862"],
["Oklahoma City", "863"],
["Las Vegas", "864"],
["Denizli", "865"],
["Genoa", "866"],
["Puyang", "867"],
["Zhoushan", "868"],
["Miluo", "869"],
["Macao", "870"],
["Portland", "871"],
["Lodz", "872"],
["Jhansi", "873"],
["Herat", "874"],
["Haimen", "875"],
["Jeonju", "876"],
["Sanya", "877"],
["Neijiang", "878"],
["Erode", "879"],
["Detroit", "880"],
["As-Suways", "881"],
["Busto Arsizio", "882"],
["Wuhai", "883"],
["Jamnagar", "884"],
["Pachuca de Soto", "885"],
["Uvira", "886"],
["Jubayl", "887"],
["Durango", "888"],
["Chiclayo", "889"],
["Nasiriyah", "890"],
["Hegang", "891"],
["Izhevsk", "892"],
["Bokaro Steel City", "893"],
["Doha", "894"],
["Be'er Sheva", "895"],
["Memphis", "896"],
["Enshi", "897"],
["Chongjin", "898"],
["Jambi", "899"],
["Bandar Abbas", "900"],
["Sihui", "901"],
["Bauchi", "902"],
["Irkutsk", "903"],
["Bulawayo", "904"],
["Safaqis", "905"],
["Bissau", "906"],
["Wroclaw", "907"],
["Raurkela", "908"],
["Barnaul", "909"],
["Venezia", "910"],
["Khabarovsk", "911"],
["Belfast", "912"],
["Duesseldorf", "913"],
["Anshun", "914"],
["Bacolod", "915"],
["Verona", "916"],
["Kolhapur", "917"],
["Stuttgart", "918"],
["Jinzhong", "919"],
["Al-Ain", "920"],
["Patiala", "921"],
["Bilaspur", "922"],
["Abakaliki", "923"],
["Sanhe", "924"],
["Yulin Guangxi", "925"],
["Kuching", "926"],
["Hanzhong", "927"],
["Calabar", "928"],
["Ajmer", "929"],
["Comilla", "930"],
["Ujjain", "931"],
["Seregno", "932"],
["Hillah", "933"],
["Geneva", "934"],
["Colombo", "935"],
["Xinmi", "936"],
["Riga", "937"],
["Gothenburg", "938"],
["San Jose del Monte", "939"],
["Ulyanovsk", "940"],
["Zahedan", "941"],
["Bari", "942"],
["Mbeya", "943"],
["Jingjiang", "944"],
["Mathura", "945"],
["Cenxi", "946"],
["Brighton", "947"],
["Feira De Santana", "948"],
["Tlaxcala", "949"],
["Siping", "950"],
["Louisville", "951"],
["Agartala", "952"],
["Yaroslavl", "953"],
["Shishi", "954"],
["Imphal", "955"],
["Fuqing", "956"],
["Vladivostok", "957"],
["Kryvyi Rih", "958"],
["Daye", "959"],
["Skopje", "960"],
["Likasi", "961"],
["Tomsk", "962"],
["Shuozhou", "963"],
["Cuito", "964"],
["Samarkand", "965"],
["Sanliurfa", "966"],
["Ogbomosho", "967"],
["Beira", "968"],
["Sangli", "969"],
["Makhachkala", "970"],
["Xiantao", "971"],
["Leipzig", "972"],
["Dengfeng", "973"],
["Cabimas", "974"],
["Qitaihe", "975"],
["Sanmenxia", "976"],
["Tonghua", "977"],
["Ibague", "978"],
["Thoothukkudi", "979"],
["Cuiaba", "980"],
["Xinyi", "981"],
["Mazar-e Sharif", "982"],
["Kingston", "983"],
["Samut Sakhon", "984"],
["Zhaodong", "985"],
["Yiyang Hunan", "986"],
["Malaga", "987"],
["Yichun Heilongjiang", "988"],
["Udaipur", "989"],
["Hamadan", "990"],
["Djibouti", "991"],
["Dongyang", "992"],
["Bouake", "993"],
["Dortmund", "994"],
["Zaoyang", "995"],
["Vellore", "996"],
["Jalgaon", "997"],
["Ardabil", "998"],
["Bloemfontein", "999"],
["Hebi", "1000"],
["Gaya", "1001"],
["Milwaukee", "1002"],
["Catania", "1003"],
["Juiz De Fora", "1004"],
["Kagoshima", "1005"],
["Dresden", "1006"],
["Yazd", "1007"],
["Jiaozhou", "1008"],
["Gaozhou", "1009"],
["Toulon", "1010"],
["Udon Thani", "1011"],
["Tirunelveli", "1012"],
["Uige", "1013"],
["Oujda", "1014"],
["Pereira", "1015"],
["Essen", "1016"],
["Matamoros", "1017"],
["Kitchener", "1018"],
["Imus", "1019"],
["Cangzhou", "1020"],
["Poza Rica de Hidalgo", "1021"],
["Santa Fe", "1022"],
["Karbala", "1023"],
["Weinan", "1024"],
["Kota Kinabalu", "1025"],
["Al-Mansurah", "1026"],
["Guangyuan", "1027"],
["Bamenda", "1028"],
["Panipat", "1029"],
["Kahramanmaras", "1030"],
["Ndola", "1031"],
["Feicheng", "1032"],
["Tepic", "1033"],
["Orenburg", "1034"],
["Meknes", "1035"],
["Kemerovo", "1036"],
["Arak", "1037"],
["Bremen", "1038"],
["Gomel", "1039"],
["Baltimore", "1040"],
["Tongchuan", "1041"],
["Sakarya", "1042"],
["Basel", "1043"],
["Al-Mukalla", "1044"],
["Mekele", "1045"],
["Chiang Rai", "1046"],
["Larkana", "1047"],
["Khamis Mushayt", "1048"],
["Basilan City", "1049"],
["Albuquerque", "1050"],
["Hosur", "1051"],
["Anyang", "1052"],
["Villavicencio", "1053"],
["Rupganj", "1054"],
["Leicester", "1055"],
["Shouguang", "1056"],
["Irbid", "1057"],
["Valledupar", "1058"],
["Rajahmundry", "1059"],
["Yongkang", "1060"],
["Utrecht", "1061"],
["Tucson", "1062"],
["Sukkur", "1063"],
["Haining", "1064"],
["Abeokuta", "1065"],
["Yanshi", "1066"],
["Chaoyang", "1067"],
["Rustenburg", "1068"],
["Taishan", "1069"],
["Calamba", "1070"],
["Ambon", "1071"],
["Diwaniyah", "1072"],
["Rayong", "1073"],
["Chuzhou", "1074"],
["Gombe", "1075"],
["Qingzhou", "1076"],
["Changning", "1077"],
["Longkou", "1078"],
["El Djelfa", "1079"],
["Angeles City", "1080"],
["Loum", "1081"],
["Novokuznetsk", "1082"],
["Mesa", "1083"],
["Edinburgh", "1084"],
["Pingdu", "1085"],
["Dali", "1086"],
["Kerman", "1087"],
["Kikwit", "1088"],
["Bellary", "1089"],
["San Juan", "1090"],
["Mbouda", "1091"],
["Al-Raqqa", "1092"],
["Berbera", "1093"],
["Gaoyou", "1094"],
["Port of Spain", "1095"],
["Sheikhupura", "1096"],
["Namangan", "1097"],
["Hamhung", "1098"],
["Gongyi", "1099"],
["Puerto Vallarta", "1100"],
["Balashikha", "1101"],
["Zinder", "1102"],
["Van", "1103"],
["Heyuan", "1104"],
["Vilnius", "1105"],
["Laixi", "1106"],
["Ryazan", "1107"],
["Santa Marta", "1108"],
["Fresno", "1109"],
["Shizuishan", "1110"],
["Pietermaritzburg", "1111"],
["Chuxiong", "1112"],
["Changge", "1113"],
["Xingning", "1114"],
["Hannover", "1115"],
["Shangyu", "1116"],
["Surakarta", "1117"],
["Kabinda", "1118"],
["Naberezhnye Tchelny", "1119"],
["Astrakhan", "1120"],
["Cuautla Morelos", "1121"],
["Grenoble", "1122"],
["Atlanta", "1123"],
["Nakhon Pathom", "1124"],
["Kakinada", "1125"],
["Kalasin", "1126"],
["Sacramento", "1127"],
["Porto Velho", "1128"],
["Al-Mahallah al-Kubra", "1129"],
["Davanagere", "1130"],
["Qianjiang", "1131"],
["Vale do Aco", "1132"],
["Muzaffarpur", "1133"],
["Ziyang", "1134"],
["Mataram", "1135"],
["Ar-Rusayfah", "1136"],
["Kandahar", "1137"],
["Changyi", "1138"],
["Songyuan", "1139"],
["Poznan", "1140"],
["Kuantan", "1141"],
["Eslamshahr", "1142"],
["Duisburg", "1143"],
["Guang-an", "1144"],
["Penza", "1145"],
["Jinjiang", "1146"],
["Utsunomiya", "1147"],
["Begusarai", "1148"],
["Arusha", "1149"],
["Kirov", "1150"],
["Barisal", "1151"],
["Ado-Ekiti", "1152"],
["Khon-Kaen", "1153"],
["Purnia", "1154"],
["Tanta", "1155"],
["London CA", "1156"],
["Jianyang", "1157"],
["Bournemouth", "1158"],
["Kismaayo", "1159"],
["Shuangyashan", "1160"],
["Nurenberg", "1161"],
["Malatya", "1162"],
["Cheboksary", "1163"],
["Tirana", "1164"],
["Kolwezi", "1165"],
["Nanping", "1166"],
["El Obeid", "1167"],
["Jingmen", "1168"],
["Surat Thani", "1169"],
["Murcia", "1170"],
["Ubon Ratchathani", "1171"],
["Matsuyama", "1172"],
["Yongcheng", "1173"],
["Karaganda", "1174"],
["Zhongxiang", "1175"],
["Kansas City", "1176"],
["Katsina", "1177"],
["Lipetsk", "1178"],
["Port Sudan", "1179"],
["Macapa", "1180"],
["Chaohu", "1181"],
["La Serena-Coquimbo", "1182"],
["Zhuanghe", "1183"],
["Latur", "1184"],
["Douai-Lens", "1185"],
["Xuancheng", "1186"]
]
