[
["China", "General Secretary Xi Jinping"],
["India", "Ram Nath Kovind"],
["United States", "Joe Biden"],
["Indonesia", "Joko Widodo"],
["Pakistan", "Arif Alvi"],
["Brazil", "Jair Bolsonaro"],
["Nigeria", "Muhammadu Buhari"],
["Bangladesh", "Abdul Hamid"],
["Russia", "Vladimir Putin"],
["Mexico", "Andrés Manuel López Obrador"],
["Japan", "Emperor Naruhito"],
["Ethiopia", "Sahle-Work Zewde"],
["Philippines", "Rodrigo Duterte"],
["Egypt", "Abdel Fattah el-Sisi"],
["Vietnam", "Nguyễn Xuân Phúc"],
["DR Congo", "Felix Tshisekedi"],
["Turkey", "Recep Tayyip Erdogan"],
["Iran", "Supreme Leader-Ali Khamenei President - Ebrahim Raisi"],
["Germany", "Frank-Walter Steinmeier"],
["Thailand", "King - Maha Vajiralongkorn"],
["United Kingdom", "Queen Elizabeth II"],
["France", "Emmanuel Macron"],
["Italy", "Sergio Mattarella"],
["Tanzania", "Samia Suluhu Hassan"],
["South Africa", "Cyril Ramaphosa"],
["Myanmar", "Myint Swe"],
["Kenya", "Uhuru Kenyatta"],
["South Korea", "Moon Jae-in"],
["Colombia", "Iván Duque Márquez"],
["Spain", "King-Felipe VI"],
["Uganda", "Yoweri Museveni"],
["Argentina", "Alberto Fernández"],
["Algeria", "Abdelmadjid Tebboune"],
["Sudan", "Leader of the Sovereignty Council-Abdel Fattah al-Burhan"],
["Ukraine", "Volodymyr Zelenskyy"],
["Iraq", "Barham Salih"],
["Afghanistan", "Hibatullah Akhundzada"],
["Poland", "Andrzej Duda"],
["Canada", "Queen - Elizabeth II Governor General-Mary Simon"],
["Morocco", "King-Mohammed VI"],
["Saudi Arabia", "King-Salman bin Abdulaziz Al Saud"],
["Uzbekistan", "Shavkat Mirziyoyev"],
["Peru", "Pedro Castillo"],
["Angola", "João Lourenço"],
["Malaysia", "King-Abdullah of Pahang"],
["Mozambique", "Filipe Nyusi"],
["Ghana", "Nana Akufo-Addo"],
["Yemen", "Rashad al-Alimi"],
["Nepal", "Bidya Devi Bhandari"],
["Venezuela", "Nicolás Maduro"],
["Madagascar", "Andry Rajoelina"],
["Cameroon", "Paul Biya"],
["Côte d'Ivoire", "Alassane Ouattara"],
["North Korea", "Supreme Leader - Kim Jong-un Chairman of the Presidium of the Supreme People's Assembly-Choe Ryong-hae"],
["Australia", "Queen – Elizabeth Governor-General – David Hurley"],
["Niger", "Mohamed Bazoum"],
["Taiwan", "Tsai Ing-wen"],
["Sri Lanka", "Gotabaya Rajapaksa"],
["Burkina Faso", "Paul-Henri Sandaogo Damiba"],
["Mali", "Assimi Goïta"],
["Romania", "Klaus Iohannis"],
["Malawi", "Lazarus Chakwera"],
["Chile", "Gabriel Boric"],
["Kazakhstan", "Kassym-Jomart Tokayev"],
["Zambia", "Hakainde Hichilema"],
["Guatemala", "Alejandro Giammattei"],
["Ecuador", "Guillermo Lasso"],
["Syria", "Bashar al-Assad"],
["Netherlands", "King-Willem-Alexander"],
["Senegal", "Macky Sall"],
["Cambodia", "King-Norodom Sihamoni"],
["Chad", "Mahamat Déby"],
["Somalia", "Mohamed Abdullahi Mohamed"],
["Zimbabwe", "Emmerson Mnangagwa"],
["Guinea", "Mamady Doumbouya"],
["Rwanda", "Paul Kagame"],
["Benin", "Patrice Talon"],
["Burundi", "Évariste Ndayishimiye"],
["Tunisia", "Kais Saied"],
["Bolivia", "Luis Arce"],
["Belgium", "King-Philippe"],
["Haiti", "Ariel Henry"],
["Cuba", "First Secretary-Miguel Díaz-Canel"],
["South Sudan", "Salva Kiir Mayardit"],
["Dominican Republic", "Luis Abinader"],
["Czech Republic (Czechia)", "Miloš Zeman"],
["Greece", "Katerina Sakellaropoulou"],
["Jordan", "King-Abdullah II"],
["Portugal", "Marcelo Rebelo de Sousa"],
["Azerbaijan", "Ilham Aliyev"],
["Sweden", "King-Carl XVI Gustaf "],
["Honduras", "Xiomara Castro"],
["United Arab Emirates", "Khalifa bin Zayed Al Nahyan"],
["Hungary", "János Áder"],
["Tajikistan", "Emomali Rahmon"],
["Belarus", "Alexander Lukashenko"],
["Austria", "Alexander Van der Bellen"],
["Papua New Guinea", "Queen - Elizabeth II Governor-General -Sir Bob Dadae"],
["Serbia", "Aleksandar Vučić"],
["Israel", "Isaac Herzog"],
["Switzerland", "Ignazio Cassis"],
["Togo", "Faure Gnassingbé"],
["Sierra Leone", "Julius Maada Bio"],
["Hong Kong", "Chief Executive-Carrie Lam"],
["Laos", "General Secretary-Thongloun Sisoulith"],
["Paraguay", "Mario Abdo Benítez"],
["Bulgaria", "Rumen Radev"],
["Libya", "Chairman of the Presidential Council and Prime Minister – Mohamed al-Menfi"],
["Lebanon", "Michel Aoun"],
["Nicaragua", "Daniel Ortega"],
["Kyrgyzstan", "Sadyr Japarov"],
["El Salvador", "Nayib Bukele"],
["Turkmenistan", "Serdar Berdimuhamedow"],
["Singapore", "Halimah Yacob"],
["Denmark", "Queen - Margrethe II"],
["Finland", "Sauli Niinistö"],
["Republic of the Congo", "Denis Sassou Nguesso"],
["Slovakia", "Zuzana Čaputová"],
["Norway", "King-Harald V"],
["Oman", "Sultan- Haitham bin Tariq"],
["State of Palestine", "Mahmoud Abbas"],
["Costa Rica", "Carlos Alvarado Quesada"],
["Liberia", "George Weah"],
["Ireland", "Michael D. Higgins"],
["Central African Republic", "Faustin-Archange Touadéra"],
["New Zealand", "Queen - Elizabeth II Governor General-Dame Cindy Kiro"],
["Mauritania", "Mohamed Ould Ghazouani"],
["Panama", "Laurentino Cortizo"],
["Kuwait", "Emir-Sheikh-Nawaf Al Ahmad Al Jaber Al Sabah"],
["Croatia", "Zoran Milanović"],
["Moldova", "Maia Sandu"],
["Georgia", "Salome Zourabichvili"],
["Eritrea", "Isaias Afwerki"],
["Uruguay", "Luis Lacalle Pou"],
["Bosnia and Herzegovina", "High Representative – Valentin Inzko"],
["Mongolia", "Khürelsükh Ukhnaa"],
["Armenia", "Vahagn Khachaturyan"],
["Jamaica", "Queen – Elizabeth II Governor-General – Patrick Allen"],
["Qatar", "Emir-Sheikh -Tamim bin Hamad Al Thani"],
["Albania", "Ilir Meta"],
["Puerto Rico", "Joe Biden -Governor Pedro Pierluisi"],
["Lithuania", "Gitanas Nausėda"],
["Namibia", "Hage Geingob"],
["Gambia", "Adama Barrow"],
["Botswana", "Mokgweetsi Masisi"],
["Gabon", "Ali Bongo Ondimba"],
["Lesotho", "King-Letsie III"],
["North Macedonia", "Stevo Pendarovski"],
["Slovenia", "Borut Pahor"],
["Guinea-Bissau", "Umaro Sissoco Embaló"],
["Latvia", "Egils Levits"],
["Bahrain", "King – Sheikh Hamad bin Isa Al Khalifa"],
["Equatorial Guinea", "Teodoro Obiang"],
["Trinidad and Tobago", "Paula-Mae Weekes"],
["Estonia", "Alar Karis"],
["Timor-Leste", "Francisco Guterres"],
["Mauritius", "Prithvirajsing Roopun"],
["Cyprus", "Nicos Anastasiades"],
["Eswatini", "King Mswati III"],
["Djibouti", "Ismaïl Omar Guelleh"],
["Fiji", "Wiliame Katonivere"],
["Réunion", "Huguette Bello"],
["Comoros", "Azali Assoumani"],
["Guyana", "Irfaan Ali"],
["Bhutan", "King- Jigme Khesar Namgyel Wangchuck"],
["Solomon Islands", "Queen – Elizabeth II Governor-General - David Vunagi"],
["Macau", "Chief Executive Ho Iat-seng"],
["Montenegro", "Milo Đukanović"],
["Luxembourg", "Grand Duke Henri"],
["Suriname", "Chan Santokhi"],
["Cabo Verde", "José Maria Neves"],
["Micronesia", "David Panuelo"],
["Maldives", "Ibrahim Mohamed Solih"],
["Malta", "George Vella"],
["Brunei", "Hassanal Bolkiah"],
["Guadeloupe", "Ary Chalus"],
["Belize", "Queen - Elizabeth II Governor-General - Froyla Tzalam"],
["Bahamas", "Queen - Elizabeth II Governor-General - Cornelius Smith"],
["Martinique", "Serge Letchimy"],
["Iceland", "Guðni Th. Jóhannesson"],
["Vanuatu", "Tallis Obed Moses"],
["Barbados", "Sandra Mason"],
["New Caledonia", "President Emmanuel Macron Governor-General - Louis Mapou"],
["Mayotte", "President Emmanuel Macron"],
["Sao Tome & Principe", "Carlos Vila Nova"],
["Samoa", " Vaʻaletoʻa Sualauvi II"],
["Saint Lucia", "Queen - Elizabeth II Governor-General - Errol Charles"],
["Guam", "President Joe Biden Governor - Lou Leon Guerrero"],
["Curaçao", "King Willem-Alexander Governor-General - Lucille George-Wout"],
["Kiribati", "Taneti Maamau"],
["Grenada", "Queen - Elizabeth II Governor-General - Cécile La Grenade"],
["St. Vincent & Grenadines", "Queen - Elizabeth II Governor-General -Susan Dougan"],
["Aruba", "King Willem-Alexander Governor-General - Alfonso Boekhoudt"],
["Tonga", "King Tupou VI"],
["U.S. Virgin Islands", "Governor Albert Bryan"],
["Seychelles", "Wavel Ramkalawan"],
["Antigua and Barbuda", "Queen - Elizabeth II Governor-General - Rodney Williams"],
["Andorra", "President Emmanuel Macron Governor-General - Joan-Enric Vives"],
["Dominica", "Charles Savarin"],
["Cayman Islands", "Queen - Elizabeth II Governor-General -Martyn Roper"],
["Bermuda", "Queen - Elizabeth II Governor-General -Rena Lalgie"],
["Marshall Islands", "David Kabua"],
["Northern Mariana Islands", "President Joe Biden Governor - Ralph Torres"],
["Greenland", "Queen - Margrethe II High Commissioner -Mikaela Engell"],
["American Samoa", "President Joe Biden Governor - Peleti Mauga"],
["Saint Kitts & Nevis", "Queen - Elizabeth II Governor-General -Tapley Seaton"],
["Faroe Islands", "Queen - Margrethe II High Commissioner -Lene Moyell Johansen"],
["Sint Maarten", "King Willem Alexander Governor Eugene Holiday"],
["Monaco", "Prince Albert II"],
["Turks and Caicos", "Queen  Elizabeth II, Governor Nigel Dakin"],
["Liechtenstein", "Prince Hans Adam II"],
["San Marino", "Heads of State  Oscar Mina,Paolo Rondelli"],
["Gibraltar", "Queen  Elizabeth II, Governor David Steel"],
["British Virgin Islands", "Queen  Elizabeth II ,Governor John Rankin"],
["Palau", "Surangel Whipps Jr."],
["Cook Islands", "Queen  Elizabeth II, Governor General Tom Marsters"],
["Anguilla", "Queen  Elizabeth II, Governor General Dileeni Daniel Selvaratnam"],
["Tuvalu", "Queen  Elizabeth II, Governor Tofiga Vaevalu Falani"],
["Wallis & Futuna", "President Emmanuel Macron, Governor  Hervé Jonathan"],
["Nauru", "Lionel Aingimea"],
["Saint Helena", "Queen  Elizabeth II , Governor General Philip Rushbrook"],
["Saint Pierre & Miquelon", "President Emmanuel Macron Governor - Bernard Briand"],
["Montserrat", "Queen  Elizabeth II Governor-Sarah Tucker"],
["Falkland Islands", "Queen  Elizabeth II , Governor General Nigel Phillips"],
["Tokelau", "Queen  Elizabeth II Administrator-Ross Ardern"],
["Holy See", "Pope Francis"],
["Κίνα", "Γενικός Γραμματέας Σι Τζινπίνγκ"],
["Ινδία", "Ραμ Ναθ Κοβίντ"],
["Ηνωμένες Πολιτείες", "Τζο Μπάιντεν"],
["Ινδονησία", "Τζόκο Ουιντόντο"],
["Πακιστάν", "Αρίφ Αλβί"],
["Βραζιλία", "Ζαΐρ Μπολσονάρου"],
["Νιγηρία", "Μουχαμάντου Μπουχάρι"],
["Μπαγκλαντές", "Αμπντούλ Χαμίντ"],
["Ρωσία", "Βλαντίμιρ Πούτιν"],
["Μεξικό", "Αντρές Μανουέλ Λόπες Ομπραδόρ"],
["Ιαπωνία", "Αυτοκράτορας Ναρουχίτο"],
["Αιθιοπία", "Σάλε Γουόρκ Ζέουντα"],
["Φιλιππίνες", "Ροντρίγκο Ντουτέρτε"],
["Αίγυπτος", "Αμπντέλ Φατάχ αλ Σίσι"],
["Βιετνάμ", "Νγκουγιέν Σουάν Φουκ"],
["ΛΔ Κονγκό", "Φέλιξ Τσισεκέντι"],
["Τουρκία", "Ρετζέπ Ταγίπ Ερντογάν"],
["Ιράν", "Υπέρτατος Ηγέτης - Αλί Χαμενεΐ Πρόεδρος - Εμπραχίμ Ραΐσι"],
["Γερμανία", "Φρανκ Βάλτερ Σταινμάιερ"],
["Ταιλάνδη", "Βασιλιάς Μάχα Βαγιραλονγκόρν"],
["Ηνωμένο Βασίλειο", "Ελισάβετ Β"],
["Γαλλία", "Εμανουέλ Μακρόν"],
["Ιταλία", "Σέρτζιο Ματαρέλα"],
["Τανζανία", "Σάμια Σουλούχου Χασάν"],
["Νότια Αφρική", "Σίριλ Ραμαφόζα"],
["Μιανμάρ", "Μίιντ Σουέ"],
["Κένυα", "Ουχούρου Κενυάτα"],
["Νότια Κορέα", "Μουν Τζε-ιν"],
["Κολομβία", "Ιβάν Ντούκε Μάρκες"],
["Ισπανία", "Βασιλιάς Φίλιππος ΣΤ"],
["Ουγκάντα", "Γιουέρι Μουσέβενι"],
["Αργεντινή", "Αλμπέρτο Φερνάντες"],
["Αλγερία", "Αμπντελματζίντ Τεμπούν"],
["Σουδάν", "Αμπντέλ Φατάχ Αλ Μπουρχάν"],
["Ουκρανία", "Βολοντίμιρ Ζελένσκι"],
["Ιράκ", "Μπαρχάμ Σαλίχ"],
["Αφγανιστάν", "Χαϊμπατουλάχ Αχουντζάντα"],
["Πολωνία", "Άντζεϊ Ντούντα"],
["Καναδάς", "Βασίλισσα Ελισάβετ Β Γενική Κυβερνήτρια-Μαίρη Σάιμον"],
["Μαρόκο", "Βασιλιάς Μοχάμετ ΣΤ"],
["Σαουδική Αραβία", "Βασιλιάς Σαλμάν μπιν Αμπντουλαζίζ αλ Σαούντ"],
["Ουζμπεκιστάν", "Σαβκάτ Μιρζιγιάγιεφ"],
["Περού", "Πέδρο Καστίγιο"],
["Αγκόλα", "Ζοάο Λουρένσο"],
["Μαλαισία", "Βασιλιάς Αμπντουλάχ του Παχάνγκ"],
["Μοζαμβίκη", "Φιλίπε Νιούζ"],
["Γκάνα", "Νάνα Ακούφο-Άντο"],
["Υεμένη", "Ρασάντ αλ Αλιμί"],
["Νεπάλ", "Μπίντια Ντεβί Μπαντάρι"],
["Βενεζουέλα", "Νίκολας Μαδούρο"],
["Μαδαγασκάρη", "Αντρί Ραζοελίνα"],
["Καμερούν", "Πολ Μπιγιά"],
["Ακτή Ελεφαντοστού", "Αλασάν Ουαταρά"],
["Βόρεια Κορέα", "Ανώτατος Ηγέτης - Κιμ Γιονγκ-ουν"],
["Αυστραλία", "Βασίλισσα-Ελισάβετ Β Γενικός Κυβερνήτης-Ντέιβιντ Χάρλεϊ"],
["Νίγηρας", "Μοχάμεντ Μπαζούμ"],
["Ταϊβάν", "Τσάι Ινγκ Γουέν"],
["Σρι Λάνκα", "Γκοταμπάγια Ραγιαπάκσε"],
["Μπουρκίνα Φάσο", "Πωλ-Ανρί Σανταογκό Νταμιμπά"],
["Μάλι", "Ασιμί Γκοϊτά"],
["Ρουμανία", "Κλάους Γιοχάνις"],
["Μαλάουι", "Λαζάρους Τσακουέρα"],
["Χιλή", "Γκάμπριελ Μπόριτς"],
["Καζακστάν", "Κασίμ-Τζομάρτ Τοκάγιεφ"],
["Ζάμπια", "Χακαΐντε Χιτσιλέμα"],
["Γουατεμάλα", "Αλεχάντρο Γιαματέι"],
["Εκουαδόρ", "Γκιγέρμο Λάσο"],
["Συρία", "Μπασάρ αλ Άσαντ"],
["Ολλανδία", "Βασιλιάς Γουλιέλμος-Αλέξανδρος"],
["Σενεγάλη", "Μακί Σαλ"],
["Καμπότζη", "Βασιλιάς Νοροντόμ Σιχαμόνι"],
["Τσαντ", "Μαχαμάτ Ντεμπί"],
["Σομαλία", "Μοχάμεντ Αμπντουλαχί Μοχάμεντ"],
["Ζιμπάμπουε", "Έμερσον Μανανγκάγκουα"],
["Γουινέα", "Μαμαντί Ντουμπουγιά"],
["Ρουάντα", "Πολ Καγκάμε"],
["Μπενίν", "Πατρίς Ταλόν"],
["Μπουρούντι", "Εβαρίτ Ενταγισιμιγιέ"],
["Τυνησία", "Καΐς Σαγιέντ"],
["Βολιβία", "Λουίς Άρσε"],
["Βέλγιο", "Βασιλιάς Φίλιππος"],
["Αϊτή", "Αριέλ Ανρί"],
["Κούβα", "Μιγκέλ Ντίας-Κανέλ"],
["Νότιο Σουδάν", "Σάλβα Κιίρ Μαγιαρντίτ"],
["Δομινικανή Δημοκρατία", "Λουίς Αμπιναδέρ"],
["Τσεχία", "Μίλος Ζέμαν"],
["Ελλάδα", "Κατερίνα Σακελλαροπούλου "],
["Ιορδανία", "Βασιλιάς Αμπντάλα Β"],
["Πορτογαλία", "Μαρτσέλο Ρεμπέλο ντε Σόουζα"],
["Αζερμπαϊτζάν", "Ιλχάμ Αλίγιεφ"],
["Σουηδία", "Βασιλιάς Κάρολος ΙΣΤ Γουσταύος"],
["Ονδούρα", "Σιομάρα Κάστρο"],
["Ηνωμένα Αραβικά Εμιράτα", "Χαλίφα μπιν Ζαγέντ αλ Ναχαγιάν"],
["Ουγγαρία", "Γιάνος Άντερ"],
["Τατζικιστάν", "Ιμομάλι Ραχμόν"],
["Λευκορωσία", "Αλεξάντερ Λουκασένκο"],
["Αυστρία", "Αλεξάντερ Φαν ντερ Μπέλεν"],
["Παπούα Νέα Γουινέα", "Βασίλισσα Ελισάβετ Β Γενική Κυβερνήτης-Μπομπ Νταντάε"],
["Σερβία", "Αλεξάνταρ Βούτσιτς"],
["Ισραήλ", "Ισαάκ Χέρτζογκ"],
["Ελβετία", "Ινιάτσιο Κασίς"],
["Τόγκο", "Φόρε Γκνασίνγκμπε"],
["Σιέρα Λεόνε", "Τζούλιους Μαάντα Μπίο"],
["Χονγκ Κονγκ", "Κυβερνήτρια Κάρι Λαμ"],
["Λάος", "Γενική Γραμματέας Θόνγκλουν Σισουλίθ"],
["Παραγουάη", "Μάριο Άμπντο Μπενίτες"],
["Βουλγαρία", "Ρούμεν Ράντεφ"],
["Λιβύη", "Μοχάμεντ αλ Μενφί"],
["Λίβανος", "Μισέλ Αούν"],
["Νικαράγουα", "Ντανιέλ Ορτέγκα"],
["Κιργιστάν", "Σαντίρ Τζαπάροφ"],
["Ελ Σαλβαδόρ", "Ναγίμπ Μπουκέλε"],
["Τουρκμενιστάν", "Σερντάρ Μπερντιμουχαμέντοφ"],
["Σιγκαπούρη", "Χαλιμά Γιακόμπ"],
["Δανία", "Βασίλισσα Μαργαρίτα Β"],
["Φινλανδία", "Σάουλι Νιινίστο"],
["Δημοκρατία του Κονγκό", "Ντενί Σασού Νγκουέσσο"],
["Σλοβακία", "Ζουζάνα Τσαπούτοβα"],
["Νορβηγία", "Βασιλιάς Χάραλντ Ε"],
["Ομάν", "Σουλτάνος Χαϊθάμ μπιν Ταρίκ"],
["Παλαιστίνη", "Μαχμούντ Αμπάς"],
["Κόστα Ρίκα", "Κάρλος Αλβαράδο"],
["Λιβερία", "Τζορτζ Γουεά"],
["Ιρλανδία", "Μάικλ Ντ. Χίγκινς"],
["Κεντροαφρικανική Δημοκρατία", "Φοστέν-Αρκάνζ Τουαντερά"],
["Νέα Ζηλανδία", "Βασίλισσα Ελισάβετ Β Κυβερνήτρια Σίντι Κίρο"],
["Μαυριτανία", "Μοχάμετ Ουλντ Γκαζουανί"],
["Παναμάς", "Λαουρεντίνο Κορτίσο"],
["Κουβέιτ", "Εμίρης Νάουαφ Αλ-Αχμάντ Αλ-Τζαμπρ Αλ-Σαμπάχ"],
["Κροατία", "Ζόραν Μιλάνοβιτς"],
["Μολδαβία", "Μάγια Σάντου"],
["Γεωργία", "Σαλομέ Ζουραμπισβίλι"],
["Ερυθραία", "Ισάιας Αφεγουέρκι"],
["Ουρουγουάη", "Λουίς Λακάγιε Πόου"],
["Βοσνία-Ερζεγοβίνη", "Βαλεντιν Ίνζκο"],
["Μογγολία", "Ουχναγκίν Χουρελσούχ"],
["Αρμενία", "Βαχάγκν Χατσατουριάν"],
["Τζαμάικα", "Βασίλισσα Ελισάβετ Β Κυβερνήτης-Πάτρικ Άλεν"],
["Κατάρ", "Εμίρης Ταμίμ μπιν Χαμάντ αλ Θανί"],
["Αλβανία", "Ιλίρ Μέτα"],
["Πουέρτο Ρίκο", "Πρόεδρος Τζο Μπάιντεν Κυβερνήτης-Πέδρο Πιερλουίσι"],
["Λιθουανία", "Γκιτάνας Ναουσέντα"],
["Ναμίμπια", "Χάγκε Γκέινγκομπ"],
["Γκάμπια", "Αντάμα Μπάροου"],
["Μποτσουάνα", "Μογκουέτσι Μασίσι"],
["Γκαμπόν", "Αλί Μπεν Μπόνγκο"],
["Λεσότο", "Βασιλιάς Λετσίε Γ"],
["Βόρεια Μακεδονία", "Στέβο Πενταρόφσκι"],
["Σλοβενία", "Μπόρουτ Πάχορ"],
["Γουινέα-Μπισσάου", "Ουμάρου Σισόκο Εμπαλό"],
["Λετονία", "Έγκιλς Λέβιτς"],
["Μπαχρέιν", "Βασιλιάς Χαμάντ μπιν Ίσα Αλ Χαλίφα"],
["Ισημερινή Γουινέα", "Τεόντορο Ομπιάνγκ"],
["Τρινιντάντ και Τομπάγκο", "Πόλα-Μέι Γουίκς"],
["Εσθονία", "Άλαρ Κάρις"],
["Ανατολικό Τιμόρ", "Φρανσίσκο Γκουτέρες"],
["Μαυρίκιος", "Πριθβιράισινγκ Ρούπουν"],
["Κύπρος", "Νίκος Αναστασιάδης"],
["Εσουατίνι", "Βασιλιάς Μσουάτι Γ"],
["Τζιμπουτί", "Ισμαήλ Ομάρ Γκουέλεχ"],
["Φίτζι", "Ουίλιαμ Κατονίβερε"],
["Ρεϋνιόν", "Ιγκέτ Μπεγιό"],
["Κομόρες", "Αζαλί Ασουμανί"],
["Γουιάνα", "Ιρφάαν Αλί"],
["Μπουτάν", "Βασιλιάς Γίγκμε Κεσάρ Ναμγκιάλ Βανγκτσούκ"],
["Νήσοι Σολομώντα", "Βασίλισσα Ελισάβετ Β -Γενική Κυβερνήτρια-Ντέιβιντ Βουνάγκι"],
["Μακάου", "Κυβερνήτης Χο Ιάτ Σεν"],
["Μαυροβούνιο", "Μίλο Τζουκάνοβιτς"],
["Λουξεμβούργο", "Μέγας Δούκας Ερρίκος"],
["Σουρινάμ", "Τσαν Σαντόχι"],
["Πράσινο Ακρωτήριο", "Ζοζέ Μαρία Νέβες"],
["Μικρονησία", "Ντέιβιντ  Πανουέλο"],
["Μαλδίβες", "Ιμπραΐμ Μοχάμετ Σολίχ"],
["Μάλτα", "Τζορτζ Βέλλα"],
["Μπρουνέι", "Σουλτάνος Χασανάλ Μπολκιάχ"],
["Γουαδελούπη", "Αρί Σαλίς"],
["Μπελίζ", "Βασίλισσα Ελισάβετ Β Γενική Κυβερνήτρια-Φρόιλα Τζαλάμ"],
["Μπαχάμες", "Βασίλισσα Ελισάβετ Β Κυβερνήτης-Κορνέλιους Σμιθ"],
["Μαρτινίκα", "Σερζ Λετσιμί"],
["Ισλανδία", "Γκούντνι Θορλάσιους Γιοχάνεσον"],
["Βανουάτου", "Τάλις Ομπέντ Μόουζες"],
["Μπαρμπάντος", "Σάντρα Μέισον"],
["Νέα Καληδονία", "Πρόεδρος Εμμανουήλ Μακρόν Κυβερνήτης-Λουί Μαπού"],
["Μαγιότ", "Πρόεδρος Εμμανουήλ Μακρόν"],
["Σάο Τομέ και Πρίνσιπε", "Κάρλος Βίλα Νόβα"],
["Σαμόα", "Βαλετόα Σουαλαούβι Β"],
["Αγία Λουκία", "Βασίλισσα Ελισάβετ Β Γενική Κυβερνήτρια-Σίριλ Τσαρλς"],
["Γκουάμ", "Πρόεδρος Τζο Μπάιντεν Κυβερνήτρια-Λου Λέον Γκερέρο"],
["Κουρασάο", "Βασίλιας Γουλιέλμος-Αλέξανδρος Κυβερνήτης-Λουσίλ Τζορτζ-Γουτ"],
["Κιριμπάτι", "Τανέτι Μαμάου"],
["Γρενάδα", "Βασίλισσα Ελισάβετ Β Γενική Κυβερνήτρια-Σεσίλ Λα Γκρενάντ"],
["Άγιος Βικέντιος και Γρεναδίνες", "Βασίλισσα Ελισάβετ Β Γενική Κυβερνήτρια-Σούζαν Ντούγκαν"],
["Αρούμπα", "Βασίλιας Γουλιέλμος-Αλέξανδρος Κυβερνήτης-Αλφόνσο Μπούκχαουτ"],
["Τόνγκα", "Βασιλιάς Τουπόου ΣΤ"],
["Αμερικανικές Παρθένοι Νήσοι", "Πρόεδρος Τζο Μπάιντεν Κυβερνήτης-Άλμπερτ Μπράιαν"],
["Σεϋχέλλες", "Γουάβελ Ραμκαλάουαν"],
["Αντίγκουα και Μπαρμπούντα", "Βασίλισσα Ελισάβετ Β Κυβερνήτης-Ρόντνεϊ Ουίλιαμς"],
["Ανδόρρα", "Πρόεδρος Εμμανουήλ Μακρόν "],
["Δομινίκα", "Τσαρλς Σάβαριν"],
["Νήσοι Κέιμαν", "Βασίλισσα Ελισάβετ Β Κυβερνήτης-Μάρτιν Ρόπερ"],
["Βερμούδες", "Βασίλισσα Ελισάβετ Β Γενική Κυβερνήτρια-Ρένα Λάλτζι"],
["Νήσοι Μάρσαλ", "Ντέιβιντ Καμπούα"],
["Βόρειες Μαριάνες", "Πρόεδρος Τζο Μπάιντεν Κυβερνήτης-Ραλφ Τόρες"],
["Γροιλανδία", "Βασίλισσα Μαργαρίτα Β Γενική Κυβερνήτρια-Μικαέλα Ένγκελλ"],
["Αμερικανική Σαμόα", "Πρόεδρος Τζο Μπάιντεν Κυβερνήτης-Πελέτι Μάουγκα"],
[" Άγιος Χριστόφορος και Νέβις", "Βασίλισσα Ελισάβετ Β Κυβερνήτης-Τάπλεϊ Σίτον"],
["Νήσοι Φερόες", "Βασίλισσα Μαργαρίτα Β Κυβερνήτης Λένε Μόγιελ Γιόχανσεν"],
["Άγιος Μαρτίνος", "Βασίλιας Γουλιέλμος-Αλέξανδρος Κυβερνήτης-Γιουτζίν Χόλιντεϊ"],
["Μονακό", "Πρίγκηπας Αλβέρτος Β"],
["Τερκς και Κάικος", "Βασίλισσα Ελισάβετ Β Κυβερνήτης-Νάιτζελ Ντέικιν"],
["Λιχτενστάιν", "Πρίγκηπας Χανς Άνταμ Β"],
["Άγιος Μαρίνος", "Όσκαρ Μίνα,Πάολο Ροντέλι"],
["Γιβραλτάρ", "Βασίλισσα Ελισάβετ Β Κυβερνήτης-Ντέιβιντ Στιλ"],
["Βρετανικές Παρθένοι Νήσοι", "Βασίλισσα Ελισάβετ Β Κυβερνήτης-Τζον Ράνκιν"],
["Παλάου", "Σουρέιντζελ Γουίπς"],
["Νήσοι Κουκ", "Βασίλισσα Ελισάβετ Β Κυβερνήτης-Τομ Μάρστερς"],
["Ανγκουίλα", "Βασίλισσα Ελισάβετ Β Κυβερνήτης-Ντιλίνι Ντάνιελ-Σεβαράτναμ"],
["Τουβαλού", "Βασίλισσα Ελισάβετ Β Κυβερνήτης-Τοφίγκα Βαεβάλου Φαλάνι"],
["Ουαλίς και Φουτουνά", "Πρόεδρος Εμμανουήλ Μακρόν Κυβερνήτης-Ερβέ Ζονατά"],
["Ναούρου", "Λάιονελ Αϊνγκιμέα"],
["Αγία Ελένη", "Βασίλισσα Ελισάβετ Β Κυβερνήτης-Φίλιπ Ράσμπρουκ"],
["Άγιος Πιερ & Μικελόν", "Πρόεδρος Εμμανουήλ Μακρόν Κυβερνήτης-Μπερνάρ Μπριάν"],
["Μοντσερράτ", "Βασίλισσα Ελισάβετ Β Γενική Κυβερνήτρια-Σάρα Τούκερ"],
["Νήσοι Φόκλαντ", "Βασίλισσα Ελισάβετ Β Κυβερνήτης-Νάιτζελ Φίλιπς"],
["Τοκελάου", "Βασίλισσα Ελισάβετ Β Κυβερνήτης-Ρος Άρντερν"],
["Αγία Έδρα", "Πάπας Φραγκίσκος"]
]
